core_cm3.h:1211:22:__WFI	4	static
core_cm3.h:1212:22:__WFE	4	static
stm32f10x_pwr.c:112:6:PWR_DeInit	8	static
stm32f10x_pwr.c:124:6:PWR_BackupAccessCmd	16	static
stm32f10x_pwr.c:137:6:PWR_PVDCmd	16	static
stm32f10x_pwr.c:158:6:PWR_PVDLevelConfig	24	static
stm32f10x_pwr.c:178:6:PWR_WakeUpPinCmd	16	static
stm32f10x_pwr.c:197:6:PWR_EnterSTOPMode	24	static
stm32f10x_pwr.c:236:6:PWR_EnterSTANDBYMode	8	static
stm32f10x_pwr.c:261:12:PWR_GetFlagStatus	24	static
stm32f10x_pwr.c:287:6:PWR_ClearFlag	16	static
