stm32f10x_dac.c:98:6:DAC_DeInit	8	static
stm32f10x_dac.c:117:6:DAC_Init	24	static
stm32f10x_dac.c:150:6:DAC_StructInit	16	static
stm32f10x_dac.c:173:6:DAC_Cmd	16	static
stm32f10x_dac.c:203:6:DAC_ITConfig	24	static
stm32f10x_dac.c:233:6:DAC_DMACmd	16	static
stm32f10x_dac.c:260:6:DAC_SoftwareTriggerCmd	16	static
stm32f10x_dac.c:284:6:DAC_DualSoftwareTriggerCmd	16	static
stm32f10x_dac.c:314:6:DAC_WaveGenerationCmd	24	static
stm32f10x_dac.c:342:6:DAC_SetChannel1Data	24	static
stm32f10x_dac.c:367:6:DAC_SetChannel2Data	24	static
stm32f10x_dac.c:396:6:DAC_SetDualChannelData	24	static
stm32f10x_dac.c:430:10:DAC_GetDataOutputValue	24	static
stm32f10x_dac.c:456:12:DAC_GetFlagStatus	24	static
stm32f10x_dac.c:489:6:DAC_ClearFlag	16	static
stm32f10x_dac.c:510:10:DAC_GetITStatus	24	static
stm32f10x_dac.c:548:6:DAC_ClearITPendingBit	16	static
