Archive member included to satisfy reference by file (symbol)

c:/program files (x86)/atollic/truestudio for stm32 9.2.0/armtools/bin/../lib/gcc/arm-atollic-eabi/6.3.1/../../../../arm-atollic-eabi/lib/armv7-m\libc_nano.a(lib_a-init.o)
                              src\startup_stm32f10x_md_vl.o (__libc_init_array)
c:/program files (x86)/atollic/truestudio for stm32 9.2.0/armtools/bin/../lib/gcc/arm-atollic-eabi/6.3.1/../../../../arm-atollic-eabi/lib/armv7-m\libc_nano.a(lib_a-strlen.o)
                              src\tiny_printf.o (strlen)
c:/program files (x86)/atollic/truestudio for stm32 9.2.0/armtools/bin/../lib/gcc/arm-atollic-eabi/6.3.1/../../../../arm-atollic-eabi/lib/armv7-m\libc_nano.a(lib_a-syswrite.o)
                              src\main.o (write)
c:/program files (x86)/atollic/truestudio for stm32 9.2.0/armtools/bin/../lib/gcc/arm-atollic-eabi/6.3.1/../../../../arm-atollic-eabi/lib/armv7-m\libc_nano.a(lib_a-writer.o)
                              c:/program files (x86)/atollic/truestudio for stm32 9.2.0/armtools/bin/../lib/gcc/arm-atollic-eabi/6.3.1/../../../../arm-atollic-eabi/lib/armv7-m\libc_nano.a(lib_a-syswrite.o) (_write_r)
c:/program files (x86)/atollic/truestudio for stm32 9.2.0/armtools/bin/../lib/gcc/arm-atollic-eabi/6.3.1/../../../../arm-atollic-eabi/lib/armv7-m\libc_nano.a(lib_a-impure.o)
                              c:/program files (x86)/atollic/truestudio for stm32 9.2.0/armtools/bin/../lib/gcc/arm-atollic-eabi/6.3.1/../../../../arm-atollic-eabi/lib/armv7-m\libc_nano.a(lib_a-syswrite.o) (_impure_ptr)
c:/program files (x86)/atollic/truestudio for stm32 9.2.0/armtools/bin/../lib/gcc/arm-atollic-eabi/6.3.1/../../../../arm-atollic-eabi/lib/armv7-m\libc_nano.a(lib_a-reent.o)
                              c:/program files (x86)/atollic/truestudio for stm32 9.2.0/armtools/bin/../lib/gcc/arm-atollic-eabi/6.3.1/../../../../arm-atollic-eabi/lib/armv7-m\libc_nano.a(lib_a-writer.o) (errno)
c:/program files (x86)/atollic/truestudio for stm32 9.2.0/armtools/bin/../lib/gcc/arm-atollic-eabi/6.3.1/../../../../arm-atollic-eabi/lib/armv7-m\libc_nano.a(lib_a-nano-freer.o)
                              c:/program files (x86)/atollic/truestudio for stm32 9.2.0/armtools/bin/../lib/gcc/arm-atollic-eabi/6.3.1/../../../../arm-atollic-eabi/lib/armv7-m\libc_nano.a(lib_a-reent.o) (_free_r)
c:/program files (x86)/atollic/truestudio for stm32 9.2.0/armtools/bin/../lib/gcc/arm-atollic-eabi/6.3.1/../../../../arm-atollic-eabi/lib/armv7-m\libc_nano.a(lib_a-nano-mallocr.o)
                              c:/program files (x86)/atollic/truestudio for stm32 9.2.0/armtools/bin/../lib/gcc/arm-atollic-eabi/6.3.1/../../../../arm-atollic-eabi/lib/armv7-m\libc_nano.a(lib_a-nano-freer.o) (__malloc_free_list)
c:/program files (x86)/atollic/truestudio for stm32 9.2.0/armtools/bin/../lib/gcc/arm-atollic-eabi/6.3.1/../../../../arm-atollic-eabi/lib/armv7-m\libc_nano.a(lib_a-sbrkr.o)
                              c:/program files (x86)/atollic/truestudio for stm32 9.2.0/armtools/bin/../lib/gcc/arm-atollic-eabi/6.3.1/../../../../arm-atollic-eabi/lib/armv7-m\libc_nano.a(lib_a-nano-mallocr.o) (_sbrk_r)
c:/program files (x86)/atollic/truestudio for stm32 9.2.0/armtools/bin/../lib/gcc/arm-atollic-eabi/6.3.1/../../../../arm-atollic-eabi/lib/armv7-m\libc_nano.a(lib_a-mlock.o)
                              c:/program files (x86)/atollic/truestudio for stm32 9.2.0/armtools/bin/../lib/gcc/arm-atollic-eabi/6.3.1/../../../../arm-atollic-eabi/lib/armv7-m\libc_nano.a(lib_a-nano-freer.o) (__malloc_lock)
c:/program files (x86)/atollic/truestudio for stm32 9.2.0/armtools/bin/../lib/gcc/arm-atollic-eabi/6.3.1/../../../../arm-atollic-eabi/lib/armv7-m\libnosys.a(sbrk.o)
                              c:/program files (x86)/atollic/truestudio for stm32 9.2.0/armtools/bin/../lib/gcc/arm-atollic-eabi/6.3.1/../../../../arm-atollic-eabi/lib/armv7-m\libc_nano.a(lib_a-sbrkr.o) (_sbrk)
c:/program files (x86)/atollic/truestudio for stm32 9.2.0/armtools/bin/../lib/gcc/arm-atollic-eabi/6.3.1/../../../../arm-atollic-eabi/lib/armv7-m\libnosys.a(write.o)
                              src\tiny_printf.o (_write)

Allocating common symbols
Common symbol       size              file

errno               0x4               c:/program files (x86)/atollic/truestudio for stm32 9.2.0/armtools/bin/../lib/gcc/arm-atollic-eabi/6.3.1/../../../../arm-atollic-eabi/lib/armv7-m\libc_nano.a(lib_a-reent.o)

Discarded input sections

 .text          0x00000000        0x0 c:/program files (x86)/atollic/truestudio for stm32 9.2.0/armtools/bin/../lib/gcc/arm-atollic-eabi/6.3.1/armv7-m/crti.o
 .data          0x00000000        0x0 c:/program files (x86)/atollic/truestudio for stm32 9.2.0/armtools/bin/../lib/gcc/arm-atollic-eabi/6.3.1/armv7-m/crti.o
 .bss           0x00000000        0x0 c:/program files (x86)/atollic/truestudio for stm32 9.2.0/armtools/bin/../lib/gcc/arm-atollic-eabi/6.3.1/armv7-m/crti.o
[...]
Memory Configuration

Name             Origin             Length             Attributes
FLASH            0x08000000         0x00010000         xr
RAM              0x20000000         0x00002000         xrw
MEMORY_B1        0x60000000         0x00000000         xr
*default*        0x00000000         0xffffffff

Linker script and memory map

LOAD c:/program files (x86)/atollic/truestudio for stm32 9.2.0/armtools/bin/../lib/gcc/arm-atollic-eabi/6.3.1/armv7-m/crti.o
LOAD c:/program files (x86)/atollic/truestudio for stm32 9.2.0/armtools/bin/../lib/gcc/arm-atollic-eabi/6.3.1/armv7-m/crtbegin.o
LOAD Libraries\STM32F10x_StdPeriph_Driver\src\misc.o
LOAD Libraries\STM32F10x_StdPeriph_Driver\src\stm32f10x_adc.o
LOAD Libraries\STM32F10x_StdPeriph_Driver\src\stm32f10x_bkp.o
LOAD Libraries\STM32F10x_StdPeriph_Driver\src\stm32f10x_can.o
LOAD Libraries\STM32F10x_StdPeriph_Driver\src\stm32f10x_cec.o
LOAD Libraries\STM32F10x_StdPeriph_Driver\src\stm32f10x_crc.o
LOAD Libraries\STM32F10x_StdPeriph_Driver\src\stm32f10x_dac.o
LOAD Libraries\STM32F10x_StdPeriph_Driver\src\stm32f10x_dbgmcu.o
LOAD Libraries\STM32F10x_StdPeriph_Driver\src\stm32f10x_dma.o
LOAD Libraries\STM32F10x_StdPeriph_Driver\src\stm32f10x_exti.o
LOAD Libraries\STM32F10x_StdPeriph_Driver\src\stm32f10x_flash.o
LOAD Libraries\STM32F10x_StdPeriph_Driver\src\stm32f10x_fsmc.o
LOAD Libraries\STM32F10x_StdPeriph_Driver\src\stm32f10x_gpio.o
LOAD Libraries\STM32F10x_StdPeriph_Driver\src\stm32f10x_i2c.o
LOAD Libraries\STM32F10x_StdPeriph_Driver\src\stm32f10x_iwdg.o
LOAD Libraries\STM32F10x_StdPeriph_Driver\src\stm32f10x_pwr.o
LOAD Libraries\STM32F10x_StdPeriph_Driver\src\stm32f10x_rcc.o
LOAD Libraries\STM32F10x_StdPeriph_Driver\src\stm32f10x_rtc.o
LOAD Libraries\STM32F10x_StdPeriph_Driver\src\stm32f10x_sdio.o
LOAD Libraries\STM32F10x_StdPeriph_Driver\src\stm32f10x_spi.o
LOAD Libraries\STM32F10x_StdPeriph_Driver\src\stm32f10x_tim.o
LOAD Libraries\STM32F10x_StdPeriph_Driver\src\stm32f10x_usart.o
LOAD Libraries\STM32F10x_StdPeriph_Driver\src\stm32f10x_wwdg.o
LOAD src\main.o
LOAD src\startup_stm32f10x_md_vl.o
LOAD src\stm32f1xx_it.o
LOAD src\system_stm32f10x.o
LOAD src\tiny_printf.o
                0x00000080                malloc_getpagesize_P = 0x80
START GROUP
LOAD c:/program files (x86)/atollic/truestudio for stm32 9.2.0/armtools/bin/../lib/gcc/arm-atollic-eabi/6.3.1/../../../../arm-atollic-eabi/lib/armv7-m\libc_nano.a
LOAD c:/program files (x86)/atollic/truestudio for stm32 9.2.0/armtools/bin/../lib/gcc/arm-atollic-eabi/6.3.1/../../../../arm-atollic-eabi/lib/armv7-m\libm.a
END GROUP
START GROUP
LOAD c:/program files (x86)/atollic/truestudio for stm32 9.2.0/armtools/bin/../lib/gcc/arm-atollic-eabi/6.3.1/armv7-m\libgcc.a
LOAD c:/program files (x86)/atollic/truestudio for stm32 9.2.0/armtools/bin/../lib/gcc/arm-atollic-eabi/6.3.1/../../../../arm-atollic-eabi/lib/armv7-m\libc_nano.a
END GROUP
START GROUP
LOAD c:/program files (x86)/atollic/truestudio for stm32 9.2.0/armtools/bin/../lib/gcc/arm-atollic-eabi/6.3.1/armv7-m\libgcc.a
LOAD c:/program files (x86)/atollic/truestudio for stm32 9.2.0/armtools/bin/../lib/gcc/arm-atollic-eabi/6.3.1/../../../../arm-atollic-eabi/lib/armv7-m\libc_nano.a
LOAD c:/program files (x86)/atollic/truestudio for stm32 9.2.0/armtools/bin/../lib/gcc/arm-atollic-eabi/6.3.1/../../../../arm-atollic-eabi/lib/armv7-m\libnosys.a
END GROUP
START GROUP
LOAD c:/program files (x86)/atollic/truestudio for stm32 9.2.0/armtools/bin/../lib/gcc/arm-atollic-eabi/6.3.1/armv7-m\libgcc.a
LOAD c:/program files (x86)/atollic/truestudio for stm32 9.2.0/armtools/bin/../lib/gcc/arm-atollic-eabi/6.3.1/../../../../arm-atollic-eabi/lib/armv7-m\libc_nano.a
LOAD c:/program files (x86)/atollic/truestudio for stm32 9.2.0/armtools/bin/../lib/gcc/arm-atollic-eabi/6.3.1/../../../../arm-atollic-eabi/lib/armv7-m\libnosys.a
END GROUP
LOAD c:/program files (x86)/atollic/truestudio for stm32 9.2.0/armtools/bin/../lib/gcc/arm-atollic-eabi/6.3.1/armv7-m/crtend.o
LOAD c:/program files (x86)/atollic/truestudio for stm32 9.2.0/armtools/bin/../lib/gcc/arm-atollic-eabi/6.3.1/armv7-m/crtn.o
                0x20002000                _estack = 0x20002000
                0x00000000                _Min_Heap_Size = 0x0
                0x00000080                _Min_Stack_Size = 0x80

.isr_vector     0x08000000      0x1d0
                0x08000000                . = ALIGN (0x4)
 *(.isr_vector)
 .isr_vector    0x08000000      0x1d0 src\startup_stm32f10x_md_vl.o
                0x08000000                g_pfnVectors
                0x080001d0                . = ALIGN (0x4)

.text           0x080001d0     0x151c
                0x080001d0                . = ALIGN (0x4)
 *(.text)
 .text          0x080001d0       0x40 c:/program files (x86)/atollic/truestudio for stm32 9.2.0/armtools/bin/../lib/gcc/arm-atollic-eabi/6.3.1/armv7-m/crtbegin.o
 *(.text*)
 .text.GPIO_Init
                0x08000210      0x178 Libraries\STM32F10x_StdPeriph_Driver\src\stm32f10x_gpio.o
                0x08000210                GPIO_Init
 .text.I2C_Init
                0x08000388      0x184 Libraries\STM32F10x_StdPeriph_Driver\src\stm32f10x_i2c.o
                0x08000388                I2C_Init
 .text.I2C_Cmd  0x0800050c       0x3e Libraries\STM32F10x_StdPeriph_Driver\src\stm32f10x_i2c.o
                0x0800050c                I2C_Cmd
 .text.I2C_GenerateSTART
                0x0800054a       0x3e Libraries\STM32F10x_StdPeriph_Driver\src\stm32f10x_i2c.o
                0x0800054a                I2C_GenerateSTART
 .text.I2C_GenerateSTOP
                0x08000588       0x3e Libraries\STM32F10x_StdPeriph_Driver\src\stm32f10x_i2c.o
                0x08000588                I2C_GenerateSTOP
 .text.I2C_AcknowledgeConfig
                0x080005c6       0x3e Libraries\STM32F10x_StdPeriph_Driver\src\stm32f10x_i2c.o
                0x080005c6                I2C_AcknowledgeConfig
 .text.I2C_SendData
                0x08000604       0x1e Libraries\STM32F10x_StdPeriph_Driver\src\stm32f10x_i2c.o
                0x08000604                I2C_SendData
 .text.I2C_ReceiveData
                0x08000622       0x1a Libraries\STM32F10x_StdPeriph_Driver\src\stm32f10x_i2c.o
                0x08000622                I2C_ReceiveData
 .text.I2C_Send7bitAddress
                0x0800063c       0x3a Libraries\STM32F10x_StdPeriph_Driver\src\stm32f10x_i2c.o
                0x0800063c                I2C_Send7bitAddress
 .text.I2C_CheckEvent
                0x08000676       0x5e Libraries\STM32F10x_StdPeriph_Driver\src\stm32f10x_i2c.o
                0x08000676                I2C_CheckEvent
 .text.I2C_GetFlagStatus
                0x080006d4       0x64 Libraries\STM32F10x_StdPeriph_Driver\src\stm32f10x_i2c.o
                0x080006d4                I2C_GetFlagStatus
 .text.RCC_GetClocksFreq
                0x08000738      0x15c Libraries\STM32F10x_StdPeriph_Driver\src\stm32f10x_rcc.o
                0x08000738                RCC_GetClocksFreq
 .text.RCC_APB2PeriphClockCmd
                0x08000894       0x3c Libraries\STM32F10x_StdPeriph_Driver\src\stm32f10x_rcc.o
                0x08000894                RCC_APB2PeriphClockCmd
 .text.RCC_APB1PeriphClockCmd
                0x080008d0       0x3c Libraries\STM32F10x_StdPeriph_Driver\src\stm32f10x_rcc.o
                0x080008d0                RCC_APB1PeriphClockCmd
 .text.SPI_Init
                0x0800090c       0x86 Libraries\STM32F10x_StdPeriph_Driver\src\stm32f10x_spi.o
                0x0800090c                SPI_Init
 .text.SPI_Cmd  0x08000992       0x3e Libraries\STM32F10x_StdPeriph_Driver\src\stm32f10x_spi.o
                0x08000992                SPI_Cmd
 .text.TIM_TimeBaseInit
                0x080009d0       0xf8 Libraries\STM32F10x_StdPeriph_Driver\src\stm32f10x_tim.o
                0x080009d0                TIM_TimeBaseInit
 .text.TIM_OC1Init
                0x08000ac8      0x118 Libraries\STM32F10x_StdPeriph_Driver\src\stm32f10x_tim.o
                0x08000ac8                TIM_OC1Init
 .text.TIM_Cmd  0x08000be0       0x3e Libraries\STM32F10x_StdPeriph_Driver\src\stm32f10x_tim.o
                0x08000be0                TIM_Cmd
 .text.TIM_CtrlPWMOutputs
                0x08000c1e       0x4a Libraries\STM32F10x_StdPeriph_Driver\src\stm32f10x_tim.o
                0x08000c1e                TIM_CtrlPWMOutputs
 .text.TIM_OC1PreloadConfig
                0x08000c68       0x36 Libraries\STM32F10x_StdPeriph_Driver\src\stm32f10x_tim.o
                0x08000c68                TIM_OC1PreloadConfig
 *fill*         0x08000c9e        0x2 
 .text.USART_Init
                0x08000ca0      0x174 Libraries\STM32F10x_StdPeriph_Driver\src\stm32f10x_usart.o
                0x08000ca0                USART_Init
 .text.USART_Cmd
                0x08000e14       0x3e Libraries\STM32F10x_StdPeriph_Driver\src\stm32f10x_usart.o
                0x08000e14                USART_Cmd
 .text.USART_SendData
                0x08000e52       0x22 Libraries\STM32F10x_StdPeriph_Driver\src\stm32f10x_usart.o
                0x08000e52                USART_SendData
 .text.USART_GetFlagStatus
                0x08000e74       0x36 Libraries\STM32F10x_StdPeriph_Driver\src\stm32f10x_usart.o
                0x08000e74                USART_GetFlagStatus
 *fill*         0x08000eaa        0x2 
 .text.InitGPIOC
                0x08000eac       0x34 src\main.o
                0x08000eac                InitGPIOC
 .text.InitUsart2
                0x08000ee0       0x80 src\main.o
                0x08000ee0                InitUsart2
 .text.InitPwm  0x08000f60       0x98 src\main.o
                0x08000f60                InitPwm
 .text.InitSPI  0x08000ff8       0x8c src\main.o
                0x08000ff8                InitSPI
 .text.InitI2C  0x08001084       0x74 src\main.o
                0x08001084                InitI2C
 .text.InitUsart
                0x080010f8       0x84 src\main.o
                0x080010f8                InitUsart
 .text.sendData
                0x0800117c       0x34 src\main.o
                0x0800117c                sendData
 .text.transceive
                0x080011b0       0x70 src\main.o
                0x080011b0                transceive
 .text.i2c_start
                0x08001220       0x28 src\main.o
                0x08001220                i2c_start
 .text.i2c_stop
                0x08001248       0x28 src\main.o
                0x08001248                i2c_stop
 .text.read     0x08001270       0xfc src\main.o
                0x08001270                read
 .text.main     0x0800136c       0xbc src\main.o
                0x0800136c                main
 .text.Reset_Handler
                0x08001428       0x48 src\startup_stm32f10x_md_vl.o
                0x08001428                Reset_Handler
 .text.Default_Handler
                0x08001470        0x2 src\startup_stm32f10x_md_vl.o
                0x08001470                EXTI2_IRQHandler
                0x08001470                TIM1_CC_IRQHandler
                0x08001470                PVD_IRQHandler
                0x08001470                EXTI3_IRQHandler
                0x08001470                EXTI0_IRQHandler
                0x08001470                I2C2_EV_IRQHandler
                0x08001470                TIM1_UP_TIM16_IRQHandler
                0x08001470                SPI1_IRQHandler
                0x08001470                TAMPER_IRQHandler
                0x08001470                TIM6_DAC_IRQHandler
                0x08001470                DMA1_Channel4_IRQHandler
                0x08001470                ADC1_IRQHandler
                0x08001470                USART3_IRQHandler
                0x08001470                RTC_IRQHandler
                0x08001470                DMA1_Channel7_IRQHandler
                0x08001470                TIM4_IRQHandler
                0x08001470                I2C1_EV_IRQHandler
                0x08001470                DMA1_Channel6_IRQHandler
                0x08001470                TIM3_IRQHandler
                0x08001470                RCC_IRQHandler
                0x08001470                DMA1_Channel1_IRQHandler
                0x08001470                Default_Handler
                0x08001470                CEC_IRQHandler
                0x08001470                EXTI15_10_IRQHandler
                0x08001470                TIM7_IRQHandler
                0x08001470                EXTI9_5_IRQHandler
                0x08001470                SPI2_IRQHandler
                0x08001470                DMA1_Channel5_IRQHandler
                0x08001470                EXTI4_IRQHandler
                0x08001470                TIM1_TRG_COM_TIM17_IRQHandler
                0x08001470                DMA1_Channel3_IRQHandler
                0x08001470                WWDG_IRQHandler
                0x08001470                TIM2_IRQHandler
                0x08001470                EXTI1_IRQHandler
                0x08001470                RTCAlarm_IRQHandler
                0x08001470                USART2_IRQHandler
                0x08001470                I2C2_ER_IRQHandler
                0x08001470                DMA1_Channel2_IRQHandler
                0x08001470                FLASH_IRQHandler
                0x08001470                USART1_IRQHandler
                0x08001470                I2C1_ER_IRQHandler
                0x08001470                TIM1_BRK_TIM15_IRQHandler
 .text.NMI_Handler
                0x08001472        0xc src\stm32f1xx_it.o
                0x08001472                NMI_Handler
 .text.HardFault_Handler
                0x0800147e        0x6 src\stm32f1xx_it.o
                0x0800147e                HardFault_Handler
 .text.MemManage_Handler
                0x08001484        0x6 src\stm32f1xx_it.o
                0x08001484                MemManage_Handler
 .text.BusFault_Handler
                0x0800148a        0x6 src\stm32f1xx_it.o
                0x0800148a                BusFault_Handler
 .text.UsageFault_Handler
                0x08001490        0x6 src\stm32f1xx_it.o
                0x08001490                UsageFault_Handler
 .text.SVC_Handler
                0x08001496        0xc src\stm32f1xx_it.o
                0x08001496                SVC_Handler
 .text.DebugMon_Handler
                0x080014a2        0xc src\stm32f1xx_it.o
                0x080014a2                DebugMon_Handler
 .text.PendSV_Handler
                0x080014ae        0xc src\stm32f1xx_it.o
                0x080014ae                PendSV_Handler
 .text.SysTick_Handler
                0x080014ba        0xc src\stm32f1xx_it.o
                0x080014ba                SysTick_Handler
 *fill*         0x080014c6        0x2 
 .text.SystemInit
                0x080014c8       0x70 src\system_stm32f10x.o
                0x080014c8                SystemInit
 .text.SetSysClock
                0x08001538        0xc src\system_stm32f10x.o
 .text.SetSysClockTo72
                0x08001544      0x100 src\system_stm32f10x.o
 .text.__libc_init_array
                0x08001644       0x48 c:/program files (x86)/atollic/truestudio for stm32 9.2.0/armtools/bin/../lib/gcc/arm-atollic-eabi/6.3.1/../../../../arm-atollic-eabi/lib/armv7-m\libc_nano.a(lib_a-init.o)
                0x08001644                __libc_init_array
 .text.write    0x0800168c       0x14 c:/program files (x86)/atollic/truestudio for stm32 9.2.0/armtools/bin/../lib/gcc/arm-atollic-eabi/6.3.1/../../../../arm-atollic-eabi/lib/armv7-m\libc_nano.a(lib_a-syswrite.o)
                0x0800168c                write
 .text._write_r
                0x080016a0       0x24 c:/program files (x86)/atollic/truestudio for stm32 9.2.0/armtools/bin/../lib/gcc/arm-atollic-eabi/6.3.1/../../../../arm-atollic-eabi/lib/armv7-m\libc_nano.a(lib_a-writer.o)
                0x080016a0                _write_r
 .text._write   0x080016c4       0x10 c:/program files (x86)/atollic/truestudio for stm32 9.2.0/armtools/bin/../lib/gcc/arm-atollic-eabi/6.3.1/../../../../arm-atollic-eabi/lib/armv7-m\libnosys.a(write.o)
                0x080016c4                _write
 *(.glue_7)
 .glue_7        0x080016d4        0x0 linker stubs
 *(.glue_7t)
 .glue_7t       0x080016d4        0x0 linker stubs
 *(.eh_frame)
 .eh_frame      0x080016d4        0x0 c:/program files (x86)/atollic/truestudio for stm32 9.2.0/armtools/bin/../lib/gcc/arm-atollic-eabi/6.3.1/armv7-m/crtbegin.o
 *(.init)
 .init          0x080016d4        0x4 c:/program files (x86)/atollic/truestudio for stm32 9.2.0/armtools/bin/../lib/gcc/arm-atollic-eabi/6.3.1/armv7-m/crti.o
                0x080016d4                _init
 .init          0x080016d8        0x8 c:/program files (x86)/atollic/truestudio for stm32 9.2.0/armtools/bin/../lib/gcc/arm-atollic-eabi/6.3.1/armv7-m/crtn.o
 *(.fini)
 .fini          0x080016e0        0x4 c:/program files (x86)/atollic/truestudio for stm32 9.2.0/armtools/bin/../lib/gcc/arm-atollic-eabi/6.3.1/armv7-m/crti.o
                0x080016e0                _fini
 .fini          0x080016e4        0x8 c:/program files (x86)/atollic/truestudio for stm32 9.2.0/armtools/bin/../lib/gcc/arm-atollic-eabi/6.3.1/armv7-m/crtn.o
                0x080016ec                . = ALIGN (0x4)
                0x080016ec                _etext = .

.vfp11_veneer   0x080016ec        0x0
 .vfp11_veneer  0x080016ec        0x0 linker stubs

.v4_bx          0x080016ec        0x0
 .v4_bx         0x080016ec        0x0 linker stubs

.iplt           0x080016ec        0x0
 .iplt          0x080016ec        0x0 c:/program files (x86)/atollic/truestudio for stm32 9.2.0/armtools/bin/../lib/gcc/arm-atollic-eabi/6.3.1/armv7-m/crtbegin.o

.rel.dyn        0x080016ec        0x0
 .rel.iplt      0x080016ec        0x0 c:/program files (x86)/atollic/truestudio for stm32 9.2.0/armtools/bin/../lib/gcc/arm-atollic-eabi/6.3.1/armv7-m/crtbegin.o

.rodata         0x080016ec        0x0
                0x080016ec                . = ALIGN (0x4)
 *(.rodata)
 *(.rodata*)
                0x080016ec                . = ALIGN (0x4)

.ARM.extab
 *(.ARM.extab* .gnu.linkonce.armextab.*)

.ARM            0x080016ec        0x0
                0x080016ec                __exidx_start = .
 *(.ARM.exidx*)
                0x080016ec                __exidx_end = .

.preinit_array  0x080016ec        0x0
                0x080016ec                PROVIDE (__preinit_array_start, .)
 *(.preinit_array*)
                0x080016ec                PROVIDE (__preinit_array_end, .)

.init_array     0x080016ec        0x4
                0x080016ec                PROVIDE (__init_array_start, .)
 *(SORT(.init_array.*))
 *(.init_array*)
 .init_array    0x080016ec        0x4 c:/program files (x86)/atollic/truestudio for stm32 9.2.0/armtools/bin/../lib/gcc/arm-atollic-eabi/6.3.1/armv7-m/crtbegin.o
                0x080016f0                PROVIDE (__init_array_end, .)

.fini_array     0x080016f0        0x4
                [!provide]                PROVIDE (__fini_array_start, .)
 *(SORT(.fini_array.*))
 *(.fini_array*)
 .fini_array    0x080016f0        0x4 c:/program files (x86)/atollic/truestudio for stm32 9.2.0/armtools/bin/../lib/gcc/arm-atollic-eabi/6.3.1/armv7-m/crtbegin.o
                [!provide]                PROVIDE (__fini_array_end, .)
                0x080016f4                _sidata = LOADADDR (.data)

.data           0x20000000       0x78 load address 0x080016f4
                0x20000000                . = ALIGN (0x4)
                0x20000000                _sdata = .
 *(.data)
 *(.data*)
 .data.APBAHBPrescTable
                0x20000000       0x10 Libraries\STM32F10x_StdPeriph_Driver\src\stm32f10x_rcc.o
 .data.ADCPrescTable
                0x20000010        0x4 Libraries\STM32F10x_StdPeriph_Driver\src\stm32f10x_rcc.o
 .data._impure_ptr
                0x20000014        0x4 c:/program files (x86)/atollic/truestudio for stm32 9.2.0/armtools/bin/../lib/gcc/arm-atollic-eabi/6.3.1/../../../../arm-atollic-eabi/lib/armv7-m\libc_nano.a(lib_a-impure.o)
                0x20000014                _impure_ptr
 .data.impure_data
                0x20000018       0x60 c:/program files (x86)/atollic/truestudio for stm32 9.2.0/armtools/bin/../lib/gcc/arm-atollic-eabi/6.3.1/../../../../arm-atollic-eabi/lib/armv7-m\libc_nano.a(lib_a-impure.o)
                0x20000078                . = ALIGN (0x4)
                0x20000078                _edata = .

.igot.plt       0x20000078        0x0 load address 0x0800176c
 .igot.plt      0x20000078        0x0 c:/program files (x86)/atollic/truestudio for stm32 9.2.0/armtools/bin/../lib/gcc/arm-atollic-eabi/6.3.1/armv7-m/crtbegin.o
                0x20000078                . = ALIGN (0x4)

.bss            0x20000078       0x20 load address 0x0800176c
                0x20000078                _sbss = .
                0x20000078                __bss_start__ = _sbss
 *(.bss)
 .bss           0x20000078       0x1c c:/program files (x86)/atollic/truestudio for stm32 9.2.0/armtools/bin/../lib/gcc/arm-atollic-eabi/6.3.1/armv7-m/crtbegin.o
 *(.bss*)
 *(COMMON)
 COMMON         0x20000094        0x4 c:/program files (x86)/atollic/truestudio for stm32 9.2.0/armtools/bin/../lib/gcc/arm-atollic-eabi/6.3.1/../../../../arm-atollic-eabi/lib/armv7-m\libc_nano.a(lib_a-reent.o)
                0x20000094                errno
                0x20000098                . = ALIGN (0x4)
                0x20000098                _ebss = .
                0x20000098                __bss_end__ = _ebss

._user_heap_stack
                0x20000098       0x80 load address 0x0800176c
                0x20000098                . = ALIGN (0x4)
                0x20000098                PROVIDE (end, .)
                [!provide]                PROVIDE (_end, .)
                0x20000098                . = (. + _Min_Heap_Size)
                0x20000118                . = (. + _Min_Stack_Size)
 *fill*         0x20000098       0x80 
                0x20000118                . = ALIGN (0x4)

.memory_b1_text
 *(.mb1text)
 *(.mb1text*)
 *(.mb1rodata)
 *(.mb1rodata*)

/DISCARD/
 libc.a(*)
 libm.a(*)
 libgcc.a(*)

.ARM.attributes
                0x00000000       0x29
 *(.ARM.attributes)
 .ARM.attributes
                0x00000000       0x1d c:/program files (x86)/atollic/truestudio for stm32 9.2.0/armtools/bin/../lib/gcc/arm-atollic-eabi/6.3.1/armv7-m/crti.o
 .ARM.attributes
                0x0000001d       0x2d c:/program files (x86)/atollic/truestudio for stm32 9.2.0/armtools/bin/../lib/gcc/arm-atollic-eabi/6.3.1/armv7-m/crtbegin.o
 .ARM.attributes
                0x0000004a       0x33 Libraries\STM32F10x_StdPeriph_Driver\src\stm32f10x_gpio.o
 .ARM.attributes
                0x0000007d       0x33 Libraries\STM32F10x_StdPeriph_Driver\src\stm32f10x_i2c.o
 .ARM.attributes
                0x000000b0       0x33 Libraries\STM32F10x_StdPeriph_Driver\src\stm32f10x_rcc.o
 .ARM.attributes
                0x000000e3       0x33 Libraries\STM32F10x_StdPeriph_Driver\src\stm32f10x_spi.o
 .ARM.attributes
                0x00000116       0x33 Libraries\STM32F10x_StdPeriph_Driver\src\stm32f10x_tim.o
 .ARM.attributes
                0x00000149       0x33 Libraries\STM32F10x_StdPeriph_Driver\src\stm32f10x_usart.o
 .ARM.attributes
                0x0000017c       0x33 src\main.o
 .ARM.attributes
                0x000001af       0x21 src\startup_stm32f10x_md_vl.o
 .ARM.attributes
                0x000001d0       0x33 src\stm32f1xx_it.o
 .ARM.attributes
                0x00000203       0x33 src\system_stm32f10x.o
 .ARM.attributes
                0x00000236       0x2d c:/program files (x86)/atollic/truestudio for stm32 9.2.0/armtools/bin/../lib/gcc/arm-atollic-eabi/6.3.1/../../../../arm-atollic-eabi/lib/armv7-m\libc_nano.a(lib_a-init.o)
 .ARM.attributes
                0x00000263       0x2d c:/program files (x86)/atollic/truestudio for stm32 9.2.0/armtools/bin/../lib/gcc/arm-atollic-eabi/6.3.1/../../../../arm-atollic-eabi/lib/armv7-m\libc_nano.a(lib_a-syswrite.o)
 .ARM.attributes
                0x00000290       0x2d c:/program files (x86)/atollic/truestudio for stm32 9.2.0/armtools/bin/../lib/gcc/arm-atollic-eabi/6.3.1/../../../../arm-atollic-eabi/lib/armv7-m\libc_nano.a(lib_a-writer.o)
 .ARM.attributes
                0x000002bd       0x2d c:/program files (x86)/atollic/truestudio for stm32 9.2.0/armtools/bin/../lib/gcc/arm-atollic-eabi/6.3.1/../../../../arm-atollic-eabi/lib/armv7-m\libc_nano.a(lib_a-impure.o)
 .ARM.attributes
                0x000002ea       0x2d c:/program files (x86)/atollic/truestudio for stm32 9.2.0/armtools/bin/../lib/gcc/arm-atollic-eabi/6.3.1/../../../../arm-atollic-eabi/lib/armv7-m\libc_nano.a(lib_a-reent.o)
 .ARM.attributes
                0x00000317       0x2d c:/program files (x86)/atollic/truestudio for stm32 9.2.0/armtools/bin/../lib/gcc/arm-atollic-eabi/6.3.1/../../../../arm-atollic-eabi/lib/armv7-m\libnosys.a(write.o)
 .ARM.attributes
                0x00000344       0x1d c:/program files (x86)/atollic/truestudio for stm32 9.2.0/armtools/bin/../lib/gcc/arm-atollic-eabi/6.3.1/armv7-m/crtn.o
OUTPUT(STM32F103C8.elf elf32-littlearm)

.debug_info     0x00000000     0x5cc7
 .debug_info    0x00000000      0x6eb Libraries\STM32F10x_StdPeriph_Driver\src\stm32f10x_gpio.o
 .debug_info    0x000006eb      0xb01 Libraries\STM32F10x_StdPeriph_Driver\src\stm32f10x_i2c.o
 .debug_info    0x000011ec      0x909 Libraries\STM32F10x_StdPeriph_Driver\src\stm32f10x_rcc.o
 .debug_info    0x00001af5      0x8f0 Libraries\STM32F10x_StdPeriph_Driver\src\stm32f10x_spi.o
 .debug_info    0x000023e5     0x1c55 Libraries\STM32F10x_StdPeriph_Driver\src\stm32f10x_tim.o
 .debug_info    0x0000403a      0x9e5 Libraries\STM32F10x_StdPeriph_Driver\src\stm32f10x_usart.o
 .debug_info    0x00004a1f      0xc5d src\main.o
 .debug_info    0x0000567c       0x92 src\startup_stm32f10x_md_vl.o
 .debug_info    0x0000570e      0x13e src\stm32f1xx_it.o
 .debug_info    0x0000584c      0x47b src\system_stm32f10x.o

.debug_abbrev   0x00000000      0xe58
 .debug_abbrev  0x00000000      0x1dd Libraries\STM32F10x_StdPeriph_Driver\src\stm32f10x_gpio.o
 .debug_abbrev  0x000001dd      0x191 Libraries\STM32F10x_StdPeriph_Driver\src\stm32f10x_i2c.o
 .debug_abbrev  0x0000036e      0x1cf Libraries\STM32F10x_StdPeriph_Driver\src\stm32f10x_rcc.o
 .debug_abbrev  0x0000053d      0x1ab Libraries\STM32F10x_StdPeriph_Driver\src\stm32f10x_spi.o
 .debug_abbrev  0x000006e8      0x1c3 Libraries\STM32F10x_StdPeriph_Driver\src\stm32f10x_tim.o
 .debug_abbrev  0x000008ab      0x18f Libraries\STM32F10x_StdPeriph_Driver\src\stm32f10x_usart.o
 .debug_abbrev  0x00000a3a      0x1fb src\main.o
 .debug_abbrev  0x00000c35       0x12 src\startup_stm32f10x_md_vl.o
 .debug_abbrev  0x00000c47       0x78 src\stm32f1xx_it.o
 .debug_abbrev  0x00000cbf      0x199 src\system_stm32f10x.o

.debug_aranges  0x00000000      0x8f0
 .debug_aranges
                0x00000000       0xa8 Libraries\STM32F10x_StdPeriph_Driver\src\stm32f10x_gpio.o
 .debug_aranges
                0x000000a8      0x120 Libraries\STM32F10x_StdPeriph_Driver\src\stm32f10x_i2c.o
 .debug_aranges
                0x000001c8      0x120 Libraries\STM32F10x_StdPeriph_Driver\src\stm32f10x_rcc.o
 .debug_aranges
                0x000002e8       0xd0 Libraries\STM32F10x_StdPeriph_Driver\src\stm32f10x_spi.o
 .debug_aranges
                0x000003b8      0x2f0 Libraries\STM32F10x_StdPeriph_Driver\src\stm32f10x_tim.o
 .debug_aranges
                0x000006a8      0x100 Libraries\STM32F10x_StdPeriph_Driver\src\stm32f10x_usart.o
 .debug_aranges
                0x000007a8       0x88 src\main.o
 .debug_aranges
                0x00000830       0x28 src\startup_stm32f10x_md_vl.o
 .debug_aranges
                0x00000858       0x60 src\stm32f1xx_it.o
 .debug_aranges
                0x000008b8       0x38 src\system_stm32f10x.o

.debug_ranges   0x00000000      0x858
 .debug_ranges  0x00000000       0x98 Libraries\STM32F10x_StdPeriph_Driver\src\stm32f10x_gpio.o
 .debug_ranges  0x00000098      0x110 Libraries\STM32F10x_StdPeriph_Driver\src\stm32f10x_i2c.o
 .debug_ranges  0x000001a8      0x110 Libraries\STM32F10x_StdPeriph_Driver\src\stm32f10x_rcc.o
 .debug_ranges  0x000002b8       0xc0 Libraries\STM32F10x_StdPeriph_Driver\src\stm32f10x_spi.o
 .debug_ranges  0x00000378      0x2e0 Libraries\STM32F10x_StdPeriph_Driver\src\stm32f10x_tim.o
 .debug_ranges  0x00000658       0xf0 Libraries\STM32F10x_StdPeriph_Driver\src\stm32f10x_usart.o
 .debug_ranges  0x00000748       0x78 src\main.o
 .debug_ranges  0x000007c0       0x20 src\startup_stm32f10x_md_vl.o
 .debug_ranges  0x000007e0       0x50 src\stm32f1xx_it.o
 .debug_ranges  0x00000830       0x28 src\system_stm32f10x.o

.debug_line     0x00000000     0x2bb5
 .debug_line    0x00000000      0x3e9 Libraries\STM32F10x_StdPeriph_Driver\src\stm32f10x_gpio.o
 .debug_line    0x000003e9      0x4fe Libraries\STM32F10x_StdPeriph_Driver\src\stm32f10x_i2c.o
 .debug_line    0x000008e7      0x4f4 Libraries\STM32F10x_StdPeriph_Driver\src\stm32f10x_rcc.o
 .debug_line    0x00000ddb      0x446 Libraries\STM32F10x_StdPeriph_Driver\src\stm32f10x_spi.o
 .debug_line    0x00001221      0xb69 Libraries\STM32F10x_StdPeriph_Driver\src\stm32f10x_tim.o
 .debug_line    0x00001d8a      0x4cb Libraries\STM32F10x_StdPeriph_Driver\src\stm32f10x_usart.o
 .debug_line    0x00002255      0x46f src\main.o
 .debug_line    0x000026c4       0x7d src\startup_stm32f10x_md_vl.o
 .debug_line    0x00002741      0x230 src\stm32f1xx_it.o
 .debug_line    0x00002971      0x244 src\system_stm32f10x.o

.debug_str      0x00000000     0x2391
 .debug_str     0x00000000      0x541 Libraries\STM32F10x_StdPeriph_Driver\src\stm32f10x_gpio.o
                                0x58f (size before relaxing)
 .debug_str     0x00000541      0x496 Libraries\STM32F10x_StdPeriph_Driver\src\stm32f10x_i2c.o
                                0x6dc (size before relaxing)
 .debug_str     0x000009d7      0x414 Libraries\STM32F10x_StdPeriph_Driver\src\stm32f10x_rcc.o
                                0x6e3 (size before relaxing)
 .debug_str     0x00000deb      0x36b Libraries\STM32F10x_StdPeriph_Driver\src\stm32f10x_spi.o
                                0x673 (size before relaxing)
 .debug_str     0x00001156      0xb80 Libraries\STM32F10x_StdPeriph_Driver\src\stm32f10x_tim.o
                                0xe53 (size before relaxing)
 .debug_str     0x00001cd6      0x423 Libraries\STM32F10x_StdPeriph_Driver\src\stm32f10x_usart.o
                                0x706 (size before relaxing)
 .debug_str     0x000020f9      0x129 src\main.o
                                0x7f1 (size before relaxing)
 .debug_str     0x00002222       0xa6 src\stm32f1xx_it.o
                                0x255 (size before relaxing)
 .debug_str     0x000022c8       0xc9 src\system_stm32f10x.o
                                0x33f (size before relaxing)

.comment        0x00000000       0x7c
 .comment       0x00000000       0x7c Libraries\STM32F10x_StdPeriph_Driver\src\stm32f10x_gpio.o
                                 0x7d (size before relaxing)
 .comment       0x0000007c       0x7d Libraries\STM32F10x_StdPeriph_Driver\src\stm32f10x_i2c.o
 .comment       0x0000007c       0x7d Libraries\STM32F10x_StdPeriph_Driver\src\stm32f10x_rcc.o
 .comment       0x0000007c       0x7d Libraries\STM32F10x_StdPeriph_Driver\src\stm32f10x_spi.o
 .comment       0x0000007c       0x7d Libraries\STM32F10x_StdPeriph_Driver\src\stm32f10x_tim.o
 .comment       0x0000007c       0x7d Libraries\STM32F10x_StdPeriph_Driver\src\stm32f10x_usart.o
 .comment       0x0000007c       0x7d src\main.o
 .comment       0x0000007c       0x7d src\stm32f1xx_it.o
 .comment       0x0000007c       0x7d src\system_stm32f10x.o

.debug_frame    0x00000000     0x2810
 .debug_frame   0x00000000      0x2d0 Libraries\STM32F10x_StdPeriph_Driver\src\stm32f10x_gpio.o
 .debug_frame   0x000002d0      0x530 Libraries\STM32F10x_StdPeriph_Driver\src\stm32f10x_i2c.o
 .debug_frame   0x00000800      0x51c Libraries\STM32F10x_StdPeriph_Driver\src\stm32f10x_rcc.o
 .debug_frame   0x00000d1c      0x3a0 Libraries\STM32F10x_StdPeriph_Driver\src\stm32f10x_spi.o
 .debug_frame   0x000010bc      0xe2c Libraries\STM32F10x_StdPeriph_Driver\src\stm32f10x_tim.o
 .debug_frame   0x00001ee8      0x490 Libraries\STM32F10x_StdPeriph_Driver\src\stm32f10x_usart.o
 .debug_frame   0x00002378      0x1fc src\main.o
 .debug_frame   0x00002574      0x110 src\stm32f1xx_it.o
 .debug_frame   0x00002684       0x98 src\system_stm32f10x.o
 .debug_frame   0x0000271c       0x2c c:/program files (x86)/atollic/truestudio for stm32 9.2.0/armtools/bin/../lib/gcc/arm-atollic-eabi/6.3.1/../../../../arm-atollic-eabi/lib/armv7-m\libc_nano.a(lib_a-init.o)
 .debug_frame   0x00002748       0x20 c:/program files (x86)/atollic/truestudio for stm32 9.2.0/armtools/bin/../lib/gcc/arm-atollic-eabi/6.3.1/../../../../arm-atollic-eabi/lib/armv7-m\libc_nano.a(lib_a-syswrite.o)
 .debug_frame   0x00002768       0x2c c:/program files (x86)/atollic/truestudio for stm32 9.2.0/armtools/bin/../lib/gcc/arm-atollic-eabi/6.3.1/../../../../arm-atollic-eabi/lib/armv7-m\libc_nano.a(lib_a-writer.o)
 .debug_frame   0x00002794       0x5c c:/program files (x86)/atollic/truestudio for stm32 9.2.0/armtools/bin/../lib/gcc/arm-atollic-eabi/6.3.1/../../../../arm-atollic-eabi/lib/armv7-m\libc_nano.a(lib_a-reent.o)
 .debug_frame   0x000027f0       0x20 c:/program files (x86)/atollic/truestudio for stm32 9.2.0/armtools/bin/../lib/gcc/arm-atollic-eabi/6.3.1/../../../../arm-atollic-eabi/lib/armv7-m\libnosys.a(write.o)

.stab           0x00000000       0x24
 .stab          0x00000000       0x24 c:/program files (x86)/atollic/truestudio for stm32 9.2.0/armtools/bin/../lib/gcc/arm-atollic-eabi/6.3.1/../../../../arm-atollic-eabi/lib/armv7-m\libnosys.a(write.o)

.stabstr        0x00000000       0x3f
 .stabstr       0x00000000       0x3f c:/program files (x86)/atollic/truestudio for stm32 9.2.0/armtools/bin/../lib/gcc/arm-atollic-eabi/6.3.1/../../../../arm-atollic-eabi/lib/armv7-m\libnosys.a(write.o)

Cross Reference Table

Symbol                                            File
ADC1_IRQHandler                                   src\startup_stm32f10x_md_vl.o
ADC_AnalogWatchdogCmd                             Libraries\STM32F10x_StdPeriph_Driver\src\stm32f10x_adc.o
ADC_AnalogWatchdogSingleChannelConfig             Libraries\STM32F10x_StdPeriph_Driver\src\stm32f10x_adc.o
ADC_AnalogWatchdogThresholdsConfig                Libraries\STM32F10x_StdPeriph_Driver\src\stm32f10x_adc.o
ADC_AutoInjectedConvCmd                           Libraries\STM32F10x_StdPeriph_Driver\src\stm32f10x_adc.o
ADC_ClearFlag                                     Libraries\STM32F10x_StdPeriph_Driver\src\stm32f10x_adc.o
ADC_ClearITPendingBit                             Libraries\STM32F10x_StdPeriph_Driver\src\stm32f10x_adc.o
ADC_Cmd                                           Libraries\STM32F10x_StdPeriph_Driver\src\stm32f10x_adc.o
ADC_DMACmd                                        Libraries\STM32F10x_StdPeriph_Driver\src\stm32f10x_adc.o
ADC_DeInit                                        Libraries\STM32F10x_StdPeriph_Driver\src\stm32f10x_adc.o
ADC_DiscModeChannelCountConfig                    Libraries\STM32F10x_StdPeriph_Driver\src\stm32f10x_adc.o
ADC_DiscModeCmd                                   Libraries\STM32F10x_StdPeriph_Driver\src\stm32f10x_adc.o
ADC_ExternalTrigConvCmd                           Libraries\STM32F10x_StdPeriph_Driver\src\stm32f10x_adc.o
ADC_ExternalTrigInjectedConvCmd                   Libraries\STM32F10x_StdPeriph_Driver\src\stm32f10x_adc.o
ADC_ExternalTrigInjectedConvConfig                Libraries\STM32F10x_StdPeriph_Driver\src\stm32f10x_adc.o
ADC_GetCalibrationStatus                          Libraries\STM32F10x_StdPeriph_Driver\src\stm32f10x_adc.o
ADC_GetConversionValue                            Libraries\STM32F10x_StdPeriph_Driver\src\stm32f10x_adc.o
ADC_GetDualModeConversionValue                    Libraries\STM32F10x_StdPeriph_Driver\src\stm32f10x_adc.o
ADC_GetFlagStatus                                 Libraries\STM32F10x_StdPeriph_Driver\src\stm32f10x_adc.o
ADC_GetITStatus                                   Libraries\STM32F10x_StdPeriph_Driver\src\stm32f10x_adc.o
ADC_GetInjectedConversionValue                    Libraries\STM32F10x_StdPeriph_Driver\src\stm32f10x_adc.o
ADC_GetResetCalibrationStatus                     Libraries\STM32F10x_StdPeriph_Driver\src\stm32f10x_adc.o
ADC_GetSoftwareStartConvStatus                    Libraries\STM32F10x_StdPeriph_Driver\src\stm32f10x_adc.o
ADC_GetSoftwareStartInjectedConvCmdStatus         Libraries\STM32F10x_StdPeriph_Driver\src\stm32f10x_adc.o
ADC_ITConfig                                      Libraries\STM32F10x_StdPeriph_Driver\src\stm32f10x_adc.o
ADC_Init                                          Libraries\STM32F10x_StdPeriph_Driver\src\stm32f10x_adc.o
ADC_InjectedChannelConfig                         Libraries\STM32F10x_StdPeriph_Driver\src\stm32f10x_adc.o
ADC_InjectedDiscModeCmd                           Libraries\STM32F10x_StdPeriph_Driver\src\stm32f10x_adc.o
ADC_InjectedSequencerLengthConfig                 Libraries\STM32F10x_StdPeriph_Driver\src\stm32f10x_adc.o
ADC_RegularChannelConfig                          Libraries\STM32F10x_StdPeriph_Driver\src\stm32f10x_adc.o
ADC_ResetCalibration                              Libraries\STM32F10x_StdPeriph_Driver\src\stm32f10x_adc.o
ADC_SetInjectedOffset                             Libraries\STM32F10x_StdPeriph_Driver\src\stm32f10x_adc.o
ADC_SoftwareStartConvCmd                          Libraries\STM32F10x_StdPeriph_Driver\src\stm32f10x_adc.o
ADC_SoftwareStartInjectedConvCmd                  Libraries\STM32F10x_StdPeriph_Driver\src\stm32f10x_adc.o
ADC_StartCalibration                              Libraries\STM32F10x_StdPeriph_Driver\src\stm32f10x_adc.o
ADC_StructInit                                    Libraries\STM32F10x_StdPeriph_Driver\src\stm32f10x_adc.o
ADC_TempSensorVrefintCmd                          Libraries\STM32F10x_StdPeriph_Driver\src\stm32f10x_adc.o
AHBPrescTable                                     src\system_stm32f10x.o
BKP_ClearFlag                                     Libraries\STM32F10x_StdPeriph_Driver\src\stm32f10x_bkp.o
BKP_ClearITPendingBit                             Libraries\STM32F10x_StdPeriph_Driver\src\stm32f10x_bkp.o
BKP_DeInit                                        Libraries\STM32F10x_StdPeriph_Driver\src\stm32f10x_bkp.o
BKP_GetFlagStatus                                 Libraries\STM32F10x_StdPeriph_Driver\src\stm32f10x_bkp.o
BKP_GetITStatus                                   Libraries\STM32F10x_StdPeriph_Driver\src\stm32f10x_bkp.o
BKP_ITConfig                                      Libraries\STM32F10x_StdPeriph_Driver\src\stm32f10x_bkp.o
BKP_RTCOutputConfig                               Libraries\STM32F10x_StdPeriph_Driver\src\stm32f10x_bkp.o
BKP_ReadBackupRegister                            Libraries\STM32F10x_StdPeriph_Driver\src\stm32f10x_bkp.o
BKP_SetRTCCalibrationValue                        Libraries\STM32F10x_StdPeriph_Driver\src\stm32f10x_bkp.o
BKP_TamperPinCmd                                  Libraries\STM32F10x_StdPeriph_Driver\src\stm32f10x_bkp.o
BKP_TamperPinLevelConfig                          Libraries\STM32F10x_StdPeriph_Driver\src\stm32f10x_bkp.o
BKP_WriteBackupRegister                           Libraries\STM32F10x_StdPeriph_Driver\src\stm32f10x_bkp.o
BusFault_Handler                                  src\stm32f1xx_it.o
                                                  src\startup_stm32f10x_md_vl.o
CAN_CancelTransmit                                Libraries\STM32F10x_StdPeriph_Driver\src\stm32f10x_can.o
CAN_ClearFlag                                     Libraries\STM32F10x_StdPeriph_Driver\src\stm32f10x_can.o
CAN_ClearITPendingBit                             Libraries\STM32F10x_StdPeriph_Driver\src\stm32f10x_can.o
CAN_DBGFreeze                                     Libraries\STM32F10x_StdPeriph_Driver\src\stm32f10x_can.o
CAN_DeInit                                        Libraries\STM32F10x_StdPeriph_Driver\src\stm32f10x_can.o
CAN_FIFORelease                                   Libraries\STM32F10x_StdPeriph_Driver\src\stm32f10x_can.o
CAN_FilterInit                                    Libraries\STM32F10x_StdPeriph_Driver\src\stm32f10x_can.o
CAN_GetFlagStatus                                 Libraries\STM32F10x_StdPeriph_Driver\src\stm32f10x_can.o
CAN_GetITStatus                                   Libraries\STM32F10x_StdPeriph_Driver\src\stm32f10x_can.o
CAN_GetLSBTransmitErrorCounter                    Libraries\STM32F10x_StdPeriph_Driver\src\stm32f10x_can.o
CAN_GetLastErrorCode                              Libraries\STM32F10x_StdPeriph_Driver\src\stm32f10x_can.o
CAN_GetReceiveErrorCounter                        Libraries\STM32F10x_StdPeriph_Driver\src\stm32f10x_can.o
CAN_ITConfig                                      Libraries\STM32F10x_StdPeriph_Driver\src\stm32f10x_can.o
CAN_Init                                          Libraries\STM32F10x_StdPeriph_Driver\src\stm32f10x_can.o
CAN_MessagePending                                Libraries\STM32F10x_StdPeriph_Driver\src\stm32f10x_can.o
CAN_OperatingModeRequest                          Libraries\STM32F10x_StdPeriph_Driver\src\stm32f10x_can.o
CAN_Receive                                       Libraries\STM32F10x_StdPeriph_Driver\src\stm32f10x_can.o
CAN_SlaveStartBank                                Libraries\STM32F10x_StdPeriph_Driver\src\stm32f10x_can.o
CAN_Sleep                                         Libraries\STM32F10x_StdPeriph_Driver\src\stm32f10x_can.o
CAN_StructInit                                    Libraries\STM32F10x_StdPeriph_Driver\src\stm32f10x_can.o
CAN_TTComModeCmd                                  Libraries\STM32F10x_StdPeriph_Driver\src\stm32f10x_can.o
CAN_Transmit                                      Libraries\STM32F10x_StdPeriph_Driver\src\stm32f10x_can.o
CAN_TransmitStatus                                Libraries\STM32F10x_StdPeriph_Driver\src\stm32f10x_can.o
CAN_WakeUp                                        Libraries\STM32F10x_StdPeriph_Driver\src\stm32f10x_can.o
CEC_ClearFlag                                     Libraries\STM32F10x_StdPeriph_Driver\src\stm32f10x_cec.o
CEC_ClearITPendingBit                             Libraries\STM32F10x_StdPeriph_Driver\src\stm32f10x_cec.o
CEC_Cmd                                           Libraries\STM32F10x_StdPeriph_Driver\src\stm32f10x_cec.o
CEC_DeInit                                        Libraries\STM32F10x_StdPeriph_Driver\src\stm32f10x_cec.o
CEC_EndOfMessageCmd                               Libraries\STM32F10x_StdPeriph_Driver\src\stm32f10x_cec.o
CEC_GetFlagStatus                                 Libraries\STM32F10x_StdPeriph_Driver\src\stm32f10x_cec.o
CEC_GetITStatus                                   Libraries\STM32F10x_StdPeriph_Driver\src\stm32f10x_cec.o
CEC_IRQHandler                                    src\startup_stm32f10x_md_vl.o
CEC_ITConfig                                      Libraries\STM32F10x_StdPeriph_Driver\src\stm32f10x_cec.o
CEC_Init                                          Libraries\STM32F10x_StdPeriph_Driver\src\stm32f10x_cec.o
CEC_OwnAddressConfig                              Libraries\STM32F10x_StdPeriph_Driver\src\stm32f10x_cec.o
CEC_ReceiveDataByte                               Libraries\STM32F10x_StdPeriph_Driver\src\stm32f10x_cec.o
CEC_SendDataByte                                  Libraries\STM32F10x_StdPeriph_Driver\src\stm32f10x_cec.o
CEC_SetPrescaler                                  Libraries\STM32F10x_StdPeriph_Driver\src\stm32f10x_cec.o
CEC_StartOfMessage                                Libraries\STM32F10x_StdPeriph_Driver\src\stm32f10x_cec.o
CRC_CalcBlockCRC                                  Libraries\STM32F10x_StdPeriph_Driver\src\stm32f10x_crc.o
CRC_CalcCRC                                       Libraries\STM32F10x_StdPeriph_Driver\src\stm32f10x_crc.o
CRC_GetCRC                                        Libraries\STM32F10x_StdPeriph_Driver\src\stm32f10x_crc.o
CRC_GetIDRegister                                 Libraries\STM32F10x_StdPeriph_Driver\src\stm32f10x_crc.o
CRC_ResetDR                                       Libraries\STM32F10x_StdPeriph_Driver\src\stm32f10x_crc.o
CRC_SetIDRegister                                 Libraries\STM32F10x_StdPeriph_Driver\src\stm32f10x_crc.o
DAC_ClearFlag                                     Libraries\STM32F10x_StdPeriph_Driver\src\stm32f10x_dac.o
DAC_ClearITPendingBit                             Libraries\STM32F10x_StdPeriph_Driver\src\stm32f10x_dac.o
DAC_Cmd                                           Libraries\STM32F10x_StdPeriph_Driver\src\stm32f10x_dac.o
DAC_DMACmd                                        Libraries\STM32F10x_StdPeriph_Driver\src\stm32f10x_dac.o
DAC_DeInit                                        Libraries\STM32F10x_StdPeriph_Driver\src\stm32f10x_dac.o
DAC_DualSoftwareTriggerCmd                        Libraries\STM32F10x_StdPeriph_Driver\src\stm32f10x_dac.o
DAC_GetDataOutputValue                            Libraries\STM32F10x_StdPeriph_Driver\src\stm32f10x_dac.o
DAC_GetFlagStatus                                 Libraries\STM32F10x_StdPeriph_Driver\src\stm32f10x_dac.o
DAC_GetITStatus                                   Libraries\STM32F10x_StdPeriph_Driver\src\stm32f10x_dac.o
DAC_ITConfig                                      Libraries\STM32F10x_StdPeriph_Driver\src\stm32f10x_dac.o
DAC_Init                                          Libraries\STM32F10x_StdPeriph_Driver\src\stm32f10x_dac.o
DAC_SetChannel1Data                               Libraries\STM32F10x_StdPeriph_Driver\src\stm32f10x_dac.o
DAC_SetChannel2Data                               Libraries\STM32F10x_StdPeriph_Driver\src\stm32f10x_dac.o
DAC_SetDualChannelData                            Libraries\STM32F10x_StdPeriph_Driver\src\stm32f10x_dac.o
DAC_SoftwareTriggerCmd                            Libraries\STM32F10x_StdPeriph_Driver\src\stm32f10x_dac.o
DAC_StructInit                                    Libraries\STM32F10x_StdPeriph_Driver\src\stm32f10x_dac.o
DAC_WaveGenerationCmd                             Libraries\STM32F10x_StdPeriph_Driver\src\stm32f10x_dac.o
DBGMCU_Config                                     Libraries\STM32F10x_StdPeriph_Driver\src\stm32f10x_dbgmcu.o
DBGMCU_GetDEVID                                   Libraries\STM32F10x_StdPeriph_Driver\src\stm32f10x_dbgmcu.o
DBGMCU_GetREVID                                   Libraries\STM32F10x_StdPeriph_Driver\src\stm32f10x_dbgmcu.o
DMA1_Channel1_IRQHandler                          src\startup_stm32f10x_md_vl.o
DMA1_Channel2_IRQHandler                          src\startup_stm32f10x_md_vl.o
DMA1_Channel3_IRQHandler                          src\startup_stm32f10x_md_vl.o
DMA1_Channel4_IRQHandler                          src\startup_stm32f10x_md_vl.o
DMA1_Channel5_IRQHandler                          src\startup_stm32f10x_md_vl.o
DMA1_Channel6_IRQHandler                          src\startup_stm32f10x_md_vl.o
DMA1_Channel7_IRQHandler                          src\startup_stm32f10x_md_vl.o
DMA_ClearFlag                                     Libraries\STM32F10x_StdPeriph_Driver\src\stm32f10x_dma.o
DMA_ClearITPendingBit                             Libraries\STM32F10x_StdPeriph_Driver\src\stm32f10x_dma.o
DMA_Cmd                                           Libraries\STM32F10x_StdPeriph_Driver\src\stm32f10x_dma.o
DMA_DeInit                                        Libraries\STM32F10x_StdPeriph_Driver\src\stm32f10x_dma.o
DMA_GetCurrDataCounter                            Libraries\STM32F10x_StdPeriph_Driver\src\stm32f10x_dma.o
DMA_GetFlagStatus                                 Libraries\STM32F10x_StdPeriph_Driver\src\stm32f10x_dma.o
DMA_GetITStatus                                   Libraries\STM32F10x_StdPeriph_Driver\src\stm32f10x_dma.o
DMA_ITConfig                                      Libraries\STM32F10x_StdPeriph_Driver\src\stm32f10x_dma.o
DMA_Init                                          Libraries\STM32F10x_StdPeriph_Driver\src\stm32f10x_dma.o
DMA_SetCurrDataCounter                            Libraries\STM32F10x_StdPeriph_Driver\src\stm32f10x_dma.o
DMA_StructInit                                    Libraries\STM32F10x_StdPeriph_Driver\src\stm32f10x_dma.o
DebugMon_Handler                                  src\stm32f1xx_it.o
                                                  src\startup_stm32f10x_md_vl.o
Default_Handler                                   src\startup_stm32f10x_md_vl.o
EXTI0_IRQHandler                                  src\startup_stm32f10x_md_vl.o
EXTI15_10_IRQHandler                              src\startup_stm32f10x_md_vl.o
EXTI1_IRQHandler                                  src\startup_stm32f10x_md_vl.o
EXTI2_IRQHandler                                  src\startup_stm32f10x_md_vl.o
EXTI3_IRQHandler                                  src\startup_stm32f10x_md_vl.o
EXTI4_IRQHandler                                  src\startup_stm32f10x_md_vl.o
EXTI9_5_IRQHandler                                src\startup_stm32f10x_md_vl.o
EXTI_ClearFlag                                    Libraries\STM32F10x_StdPeriph_Driver\src\stm32f10x_exti.o
EXTI_ClearITPendingBit                            Libraries\STM32F10x_StdPeriph_Driver\src\stm32f10x_exti.o
EXTI_DeInit                                       Libraries\STM32F10x_StdPeriph_Driver\src\stm32f10x_exti.o
EXTI_GenerateSWInterrupt                          Libraries\STM32F10x_StdPeriph_Driver\src\stm32f10x_exti.o
EXTI_GetFlagStatus                                Libraries\STM32F10x_StdPeriph_Driver\src\stm32f10x_exti.o
EXTI_GetITStatus                                  Libraries\STM32F10x_StdPeriph_Driver\src\stm32f10x_exti.o
EXTI_Init                                         Libraries\STM32F10x_StdPeriph_Driver\src\stm32f10x_exti.o
EXTI_StructInit                                   Libraries\STM32F10x_StdPeriph_Driver\src\stm32f10x_exti.o
FLASH_ClearFlag                                   Libraries\STM32F10x_StdPeriph_Driver\src\stm32f10x_flash.o
FLASH_EnableWriteProtection                       Libraries\STM32F10x_StdPeriph_Driver\src\stm32f10x_flash.o
FLASH_EraseAllBank1Pages                          Libraries\STM32F10x_StdPeriph_Driver\src\stm32f10x_flash.o
FLASH_EraseAllPages                               Libraries\STM32F10x_StdPeriph_Driver\src\stm32f10x_flash.o
FLASH_EraseOptionBytes                            Libraries\STM32F10x_StdPeriph_Driver\src\stm32f10x_flash.o
FLASH_ErasePage                                   Libraries\STM32F10x_StdPeriph_Driver\src\stm32f10x_flash.o
FLASH_GetBank1Status                              Libraries\STM32F10x_StdPeriph_Driver\src\stm32f10x_flash.o
FLASH_GetFlagStatus                               Libraries\STM32F10x_StdPeriph_Driver\src\stm32f10x_flash.o
FLASH_GetPrefetchBufferStatus                     Libraries\STM32F10x_StdPeriph_Driver\src\stm32f10x_flash.o
FLASH_GetReadOutProtectionStatus                  Libraries\STM32F10x_StdPeriph_Driver\src\stm32f10x_flash.o
FLASH_GetStatus                                   Libraries\STM32F10x_StdPeriph_Driver\src\stm32f10x_flash.o
FLASH_GetUserOptionByte                           Libraries\STM32F10x_StdPeriph_Driver\src\stm32f10x_flash.o
FLASH_GetWriteProtectionOptionByte                Libraries\STM32F10x_StdPeriph_Driver\src\stm32f10x_flash.o
FLASH_HalfCycleAccessCmd                          Libraries\STM32F10x_StdPeriph_Driver\src\stm32f10x_flash.o
FLASH_IRQHandler                                  src\startup_stm32f10x_md_vl.o
FLASH_ITConfig                                    Libraries\STM32F10x_StdPeriph_Driver\src\stm32f10x_flash.o
FLASH_Lock                                        Libraries\STM32F10x_StdPeriph_Driver\src\stm32f10x_flash.o
FLASH_LockBank1                                   Libraries\STM32F10x_StdPeriph_Driver\src\stm32f10x_flash.o
FLASH_PrefetchBufferCmd                           Libraries\STM32F10x_StdPeriph_Driver\src\stm32f10x_flash.o
FLASH_ProgramHalfWord                             Libraries\STM32F10x_StdPeriph_Driver\src\stm32f10x_flash.o
FLASH_ProgramOptionByteData                       Libraries\STM32F10x_StdPeriph_Driver\src\stm32f10x_flash.o
FLASH_ProgramWord                                 Libraries\STM32F10x_StdPeriph_Driver\src\stm32f10x_flash.o
FLASH_ReadOutProtection                           Libraries\STM32F10x_StdPeriph_Driver\src\stm32f10x_flash.o
FLASH_SetLatency                                  Libraries\STM32F10x_StdPeriph_Driver\src\stm32f10x_flash.o
FLASH_Unlock                                      Libraries\STM32F10x_StdPeriph_Driver\src\stm32f10x_flash.o
FLASH_UnlockBank1                                 Libraries\STM32F10x_StdPeriph_Driver\src\stm32f10x_flash.o
FLASH_UserOptionByteConfig                        Libraries\STM32F10x_StdPeriph_Driver\src\stm32f10x_flash.o
FLASH_WaitForLastBank1Operation                   Libraries\STM32F10x_StdPeriph_Driver\src\stm32f10x_flash.o
FLASH_WaitForLastOperation                        Libraries\STM32F10x_StdPeriph_Driver\src\stm32f10x_flash.o
FSMC_ClearFlag                                    Libraries\STM32F10x_StdPeriph_Driver\src\stm32f10x_fsmc.o
FSMC_ClearITPendingBit                            Libraries\STM32F10x_StdPeriph_Driver\src\stm32f10x_fsmc.o
FSMC_GetECC                                       Libraries\STM32F10x_StdPeriph_Driver\src\stm32f10x_fsmc.o
FSMC_GetFlagStatus                                Libraries\STM32F10x_StdPeriph_Driver\src\stm32f10x_fsmc.o
FSMC_GetITStatus                                  Libraries\STM32F10x_StdPeriph_Driver\src\stm32f10x_fsmc.o
FSMC_ITConfig                                     Libraries\STM32F10x_StdPeriph_Driver\src\stm32f10x_fsmc.o
FSMC_NANDCmd                                      Libraries\STM32F10x_StdPeriph_Driver\src\stm32f10x_fsmc.o
FSMC_NANDDeInit                                   Libraries\STM32F10x_StdPeriph_Driver\src\stm32f10x_fsmc.o
FSMC_NANDECCCmd                                   Libraries\STM32F10x_StdPeriph_Driver\src\stm32f10x_fsmc.o
FSMC_NANDInit                                     Libraries\STM32F10x_StdPeriph_Driver\src\stm32f10x_fsmc.o
FSMC_NANDStructInit                               Libraries\STM32F10x_StdPeriph_Driver\src\stm32f10x_fsmc.o
FSMC_NORSRAMCmd                                   Libraries\STM32F10x_StdPeriph_Driver\src\stm32f10x_fsmc.o
FSMC_NORSRAMDeInit                                Libraries\STM32F10x_StdPeriph_Driver\src\stm32f10x_fsmc.o
FSMC_NORSRAMInit                                  Libraries\STM32F10x_StdPeriph_Driver\src\stm32f10x_fsmc.o
FSMC_NORSRAMStructInit                            Libraries\STM32F10x_StdPeriph_Driver\src\stm32f10x_fsmc.o
FSMC_PCCARDCmd                                    Libraries\STM32F10x_StdPeriph_Driver\src\stm32f10x_fsmc.o
FSMC_PCCARDDeInit                                 Libraries\STM32F10x_StdPeriph_Driver\src\stm32f10x_fsmc.o
FSMC_PCCARDInit                                   Libraries\STM32F10x_StdPeriph_Driver\src\stm32f10x_fsmc.o
FSMC_PCCARDStructInit                             Libraries\STM32F10x_StdPeriph_Driver\src\stm32f10x_fsmc.o
GPIO_AFIODeInit                                   Libraries\STM32F10x_StdPeriph_Driver\src\stm32f10x_gpio.o
GPIO_DeInit                                       Libraries\STM32F10x_StdPeriph_Driver\src\stm32f10x_gpio.o
GPIO_ETH_MediaInterfaceConfig                     Libraries\STM32F10x_StdPeriph_Driver\src\stm32f10x_gpio.o
GPIO_EXTILineConfig                               Libraries\STM32F10x_StdPeriph_Driver\src\stm32f10x_gpio.o
GPIO_EventOutputCmd                               Libraries\STM32F10x_StdPeriph_Driver\src\stm32f10x_gpio.o
GPIO_EventOutputConfig                            Libraries\STM32F10x_StdPeriph_Driver\src\stm32f10x_gpio.o
GPIO_Init                                         Libraries\STM32F10x_StdPeriph_Driver\src\stm32f10x_gpio.o
                                                  src\main.o
GPIO_PinLockConfig                                Libraries\STM32F10x_StdPeriph_Driver\src\stm32f10x_gpio.o
GPIO_PinRemapConfig                               Libraries\STM32F10x_StdPeriph_Driver\src\stm32f10x_gpio.o
GPIO_ReadInputData                                Libraries\STM32F10x_StdPeriph_Driver\src\stm32f10x_gpio.o
GPIO_ReadInputDataBit                             Libraries\STM32F10x_StdPeriph_Driver\src\stm32f10x_gpio.o
GPIO_ReadOutputData                               Libraries\STM32F10x_StdPeriph_Driver\src\stm32f10x_gpio.o
GPIO_ReadOutputDataBit                            Libraries\STM32F10x_StdPeriph_Driver\src\stm32f10x_gpio.o
GPIO_ResetBits                                    Libraries\STM32F10x_StdPeriph_Driver\src\stm32f10x_gpio.o
GPIO_SetBits                                      Libraries\STM32F10x_StdPeriph_Driver\src\stm32f10x_gpio.o
GPIO_StructInit                                   Libraries\STM32F10x_StdPeriph_Driver\src\stm32f10x_gpio.o
GPIO_Write                                        Libraries\STM32F10x_StdPeriph_Driver\src\stm32f10x_gpio.o
GPIO_WriteBit                                     Libraries\STM32F10x_StdPeriph_Driver\src\stm32f10x_gpio.o
HardFault_Handler                                 src\stm32f1xx_it.o
                                                  src\startup_stm32f10x_md_vl.o
I2C1_ER_IRQHandler                                src\startup_stm32f10x_md_vl.o
I2C1_EV_IRQHandler                                src\startup_stm32f10x_md_vl.o
I2C2_ER_IRQHandler                                src\startup_stm32f10x_md_vl.o
I2C2_EV_IRQHandler                                src\startup_stm32f10x_md_vl.o
I2C_ARPCmd                                        Libraries\STM32F10x_StdPeriph_Driver\src\stm32f10x_i2c.o
I2C_AcknowledgeConfig                             Libraries\STM32F10x_StdPeriph_Driver\src\stm32f10x_i2c.o
                                                  src\main.o
I2C_CalculatePEC                                  Libraries\STM32F10x_StdPeriph_Driver\src\stm32f10x_i2c.o
I2C_CheckEvent                                    Libraries\STM32F10x_StdPeriph_Driver\src\stm32f10x_i2c.o
                                                  src\main.o
I2C_ClearFlag                                     Libraries\STM32F10x_StdPeriph_Driver\src\stm32f10x_i2c.o
I2C_ClearITPendingBit                             Libraries\STM32F10x_StdPeriph_Driver\src\stm32f10x_i2c.o
I2C_Cmd                                           Libraries\STM32F10x_StdPeriph_Driver\src\stm32f10x_i2c.o
                                                  src\main.o
I2C_DMACmd                                        Libraries\STM32F10x_StdPeriph_Driver\src\stm32f10x_i2c.o
I2C_DMALastTransferCmd                            Libraries\STM32F10x_StdPeriph_Driver\src\stm32f10x_i2c.o
I2C_DeInit                                        Libraries\STM32F10x_StdPeriph_Driver\src\stm32f10x_i2c.o
I2C_DualAddressCmd                                Libraries\STM32F10x_StdPeriph_Driver\src\stm32f10x_i2c.o
I2C_FastModeDutyCycleConfig                       Libraries\STM32F10x_StdPeriph_Driver\src\stm32f10x_i2c.o
I2C_GeneralCallCmd                                Libraries\STM32F10x_StdPeriph_Driver\src\stm32f10x_i2c.o
I2C_GenerateSTART                                 Libraries\STM32F10x_StdPeriph_Driver\src\stm32f10x_i2c.o
                                                  src\main.o
I2C_GenerateSTOP                                  Libraries\STM32F10x_StdPeriph_Driver\src\stm32f10x_i2c.o
                                                  src\main.o
I2C_GetFlagStatus                                 Libraries\STM32F10x_StdPeriph_Driver\src\stm32f10x_i2c.o
                                                  src\main.o
I2C_GetITStatus                                   Libraries\STM32F10x_StdPeriph_Driver\src\stm32f10x_i2c.o
I2C_GetLastEvent                                  Libraries\STM32F10x_StdPeriph_Driver\src\stm32f10x_i2c.o
I2C_GetPEC                                        Libraries\STM32F10x_StdPeriph_Driver\src\stm32f10x_i2c.o
I2C_ITConfig                                      Libraries\STM32F10x_StdPeriph_Driver\src\stm32f10x_i2c.o
I2C_Init                                          Libraries\STM32F10x_StdPeriph_Driver\src\stm32f10x_i2c.o
                                                  src\main.o
I2C_NACKPositionConfig                            Libraries\STM32F10x_StdPeriph_Driver\src\stm32f10x_i2c.o
I2C_OwnAddress2Config                             Libraries\STM32F10x_StdPeriph_Driver\src\stm32f10x_i2c.o
I2C_PECPositionConfig                             Libraries\STM32F10x_StdPeriph_Driver\src\stm32f10x_i2c.o
I2C_ReadRegister                                  Libraries\STM32F10x_StdPeriph_Driver\src\stm32f10x_i2c.o
I2C_ReceiveData                                   Libraries\STM32F10x_StdPeriph_Driver\src\stm32f10x_i2c.o
                                                  src\main.o
I2C_SMBusAlertConfig                              Libraries\STM32F10x_StdPeriph_Driver\src\stm32f10x_i2c.o
I2C_Send7bitAddress                               Libraries\STM32F10x_StdPeriph_Driver\src\stm32f10x_i2c.o
                                                  src\main.o
I2C_SendData                                      Libraries\STM32F10x_StdPeriph_Driver\src\stm32f10x_i2c.o
                                                  src\main.o
I2C_SoftwareResetCmd                              Libraries\STM32F10x_StdPeriph_Driver\src\stm32f10x_i2c.o
I2C_StretchClockCmd                               Libraries\STM32F10x_StdPeriph_Driver\src\stm32f10x_i2c.o
I2C_StructInit                                    Libraries\STM32F10x_StdPeriph_Driver\src\stm32f10x_i2c.o
I2C_TransmitPEC                                   Libraries\STM32F10x_StdPeriph_Driver\src\stm32f10x_i2c.o
I2S_Cmd                                           Libraries\STM32F10x_StdPeriph_Driver\src\stm32f10x_spi.o
I2S_Init                                          Libraries\STM32F10x_StdPeriph_Driver\src\stm32f10x_spi.o
I2S_StructInit                                    Libraries\STM32F10x_StdPeriph_Driver\src\stm32f10x_spi.o
IWDG_Enable                                       Libraries\STM32F10x_StdPeriph_Driver\src\stm32f10x_iwdg.o
IWDG_GetFlagStatus                                Libraries\STM32F10x_StdPeriph_Driver\src\stm32f10x_iwdg.o
IWDG_ReloadCounter                                Libraries\STM32F10x_StdPeriph_Driver\src\stm32f10x_iwdg.o
IWDG_SetPrescaler                                 Libraries\STM32F10x_StdPeriph_Driver\src\stm32f10x_iwdg.o
IWDG_SetReload                                    Libraries\STM32F10x_StdPeriph_Driver\src\stm32f10x_iwdg.o
IWDG_WriteAccessCmd                               Libraries\STM32F10x_StdPeriph_Driver\src\stm32f10x_iwdg.o
InitGPIOC                                         src\main.o
InitI2C                                           src\main.o
InitPwm                                           src\main.o
InitSPI                                           src\main.o
InitUsart                                         src\main.o
InitUsart2                                        src\main.o
MemManage_Handler                                 src\stm32f1xx_it.o
                                                  src\startup_stm32f10x_md_vl.o
NMI_Handler                                       src\stm32f1xx_it.o
                                                  src\startup_stm32f10x_md_vl.o
NVIC_Init                                         Libraries\STM32F10x_StdPeriph_Driver\src\misc.o
NVIC_PriorityGroupConfig                          Libraries\STM32F10x_StdPeriph_Driver\src\misc.o
NVIC_SetVectorTable                               Libraries\STM32F10x_StdPeriph_Driver\src\misc.o
NVIC_SystemLPConfig                               Libraries\STM32F10x_StdPeriph_Driver\src\misc.o
PVD_IRQHandler                                    src\startup_stm32f10x_md_vl.o
PWR_BackupAccessCmd                               Libraries\STM32F10x_StdPeriph_Driver\src\stm32f10x_pwr.o
PWR_ClearFlag                                     Libraries\STM32F10x_StdPeriph_Driver\src\stm32f10x_pwr.o
PWR_DeInit                                        Libraries\STM32F10x_StdPeriph_Driver\src\stm32f10x_pwr.o
PWR_EnterSTANDBYMode                              Libraries\STM32F10x_StdPeriph_Driver\src\stm32f10x_pwr.o
PWR_EnterSTOPMode                                 Libraries\STM32F10x_StdPeriph_Driver\src\stm32f10x_pwr.o
PWR_GetFlagStatus                                 Libraries\STM32F10x_StdPeriph_Driver\src\stm32f10x_pwr.o
PWR_PVDCmd                                        Libraries\STM32F10x_StdPeriph_Driver\src\stm32f10x_pwr.o
PWR_PVDLevelConfig                                Libraries\STM32F10x_StdPeriph_Driver\src\stm32f10x_pwr.o
PWR_WakeUpPinCmd                                  Libraries\STM32F10x_StdPeriph_Driver\src\stm32f10x_pwr.o
PendSV_Handler                                    src\stm32f1xx_it.o
                                                  src\startup_stm32f10x_md_vl.o
RCC_ADCCLKConfig                                  Libraries\STM32F10x_StdPeriph_Driver\src\stm32f10x_rcc.o
RCC_AHBPeriphClockCmd                             Libraries\STM32F10x_StdPeriph_Driver\src\stm32f10x_rcc.o
RCC_APB1PeriphClockCmd                            Libraries\STM32F10x_StdPeriph_Driver\src\stm32f10x_rcc.o
                                                  src\main.o
RCC_APB1PeriphResetCmd                            Libraries\STM32F10x_StdPeriph_Driver\src\stm32f10x_rcc.o
                                                  Libraries\STM32F10x_StdPeriph_Driver\src\stm32f10x_wwdg.o
                                                  Libraries\STM32F10x_StdPeriph_Driver\src\stm32f10x_usart.o
                                                  Libraries\STM32F10x_StdPeriph_Driver\src\stm32f10x_tim.o
                                                  Libraries\STM32F10x_StdPeriph_Driver\src\stm32f10x_spi.o
                                                  Libraries\STM32F10x_StdPeriph_Driver\src\stm32f10x_pwr.o
                                                  Libraries\STM32F10x_StdPeriph_Driver\src\stm32f10x_i2c.o
                                                  Libraries\STM32F10x_StdPeriph_Driver\src\stm32f10x_dac.o
                                                  Libraries\STM32F10x_StdPeriph_Driver\src\stm32f10x_cec.o
                                                  Libraries\STM32F10x_StdPeriph_Driver\src\stm32f10x_can.o
RCC_APB2PeriphClockCmd                            Libraries\STM32F10x_StdPeriph_Driver\src\stm32f10x_rcc.o
                                                  src\main.o
RCC_APB2PeriphResetCmd                            Libraries\STM32F10x_StdPeriph_Driver\src\stm32f10x_rcc.o
                                                  Libraries\STM32F10x_StdPeriph_Driver\src\stm32f10x_usart.o
                                                  Libraries\STM32F10x_StdPeriph_Driver\src\stm32f10x_tim.o
                                                  Libraries\STM32F10x_StdPeriph_Driver\src\stm32f10x_spi.o
                                                  Libraries\STM32F10x_StdPeriph_Driver\src\stm32f10x_gpio.o
                                                  Libraries\STM32F10x_StdPeriph_Driver\src\stm32f10x_adc.o
RCC_AdjustHSICalibrationValue                     Libraries\STM32F10x_StdPeriph_Driver\src\stm32f10x_rcc.o
RCC_BackupResetCmd                                Libraries\STM32F10x_StdPeriph_Driver\src\stm32f10x_rcc.o
                                                  Libraries\STM32F10x_StdPeriph_Driver\src\stm32f10x_bkp.o
RCC_ClearFlag                                     Libraries\STM32F10x_StdPeriph_Driver\src\stm32f10x_rcc.o
RCC_ClearITPendingBit                             Libraries\STM32F10x_StdPeriph_Driver\src\stm32f10x_rcc.o
RCC_ClockSecuritySystemCmd                        Libraries\STM32F10x_StdPeriph_Driver\src\stm32f10x_rcc.o
RCC_DeInit                                        Libraries\STM32F10x_StdPeriph_Driver\src\stm32f10x_rcc.o
RCC_GetClocksFreq                                 Libraries\STM32F10x_StdPeriph_Driver\src\stm32f10x_rcc.o
                                                  Libraries\STM32F10x_StdPeriph_Driver\src\stm32f10x_usart.o
                                                  Libraries\STM32F10x_StdPeriph_Driver\src\stm32f10x_spi.o
                                                  Libraries\STM32F10x_StdPeriph_Driver\src\stm32f10x_i2c.o
RCC_GetFlagStatus                                 Libraries\STM32F10x_StdPeriph_Driver\src\stm32f10x_rcc.o
RCC_GetITStatus                                   Libraries\STM32F10x_StdPeriph_Driver\src\stm32f10x_rcc.o
RCC_GetSYSCLKSource                               Libraries\STM32F10x_StdPeriph_Driver\src\stm32f10x_rcc.o
RCC_HCLKConfig                                    Libraries\STM32F10x_StdPeriph_Driver\src\stm32f10x_rcc.o
RCC_HSEConfig                                     Libraries\STM32F10x_StdPeriph_Driver\src\stm32f10x_rcc.o
RCC_HSICmd                                        Libraries\STM32F10x_StdPeriph_Driver\src\stm32f10x_rcc.o
RCC_IRQHandler                                    src\startup_stm32f10x_md_vl.o
RCC_ITConfig                                      Libraries\STM32F10x_StdPeriph_Driver\src\stm32f10x_rcc.o
RCC_LSEConfig                                     Libraries\STM32F10x_StdPeriph_Driver\src\stm32f10x_rcc.o
RCC_LSICmd                                        Libraries\STM32F10x_StdPeriph_Driver\src\stm32f10x_rcc.o
RCC_MCOConfig                                     Libraries\STM32F10x_StdPeriph_Driver\src\stm32f10x_rcc.o
RCC_PCLK1Config                                   Libraries\STM32F10x_StdPeriph_Driver\src\stm32f10x_rcc.o
RCC_PCLK2Config                                   Libraries\STM32F10x_StdPeriph_Driver\src\stm32f10x_rcc.o
RCC_PLLCmd                                        Libraries\STM32F10x_StdPeriph_Driver\src\stm32f10x_rcc.o
RCC_PLLConfig                                     Libraries\STM32F10x_StdPeriph_Driver\src\stm32f10x_rcc.o
RCC_PREDIV1Config                                 Libraries\STM32F10x_StdPeriph_Driver\src\stm32f10x_rcc.o
RCC_RTCCLKCmd                                     Libraries\STM32F10x_StdPeriph_Driver\src\stm32f10x_rcc.o
RCC_RTCCLKConfig                                  Libraries\STM32F10x_StdPeriph_Driver\src\stm32f10x_rcc.o
RCC_SYSCLKConfig                                  Libraries\STM32F10x_StdPeriph_Driver\src\stm32f10x_rcc.o
RCC_USBCLKConfig                                  Libraries\STM32F10x_StdPeriph_Driver\src\stm32f10x_rcc.o
RCC_WaitForHSEStartUp                             Libraries\STM32F10x_StdPeriph_Driver\src\stm32f10x_rcc.o
RTCAlarm_IRQHandler                               src\startup_stm32f10x_md_vl.o
RTC_ClearFlag                                     Libraries\STM32F10x_StdPeriph_Driver\src\stm32f10x_rtc.o
RTC_ClearITPendingBit                             Libraries\STM32F10x_StdPeriph_Driver\src\stm32f10x_rtc.o
RTC_EnterConfigMode                               Libraries\STM32F10x_StdPeriph_Driver\src\stm32f10x_rtc.o
RTC_ExitConfigMode                                Libraries\STM32F10x_StdPeriph_Driver\src\stm32f10x_rtc.o
RTC_GetCounter                                    Libraries\STM32F10x_StdPeriph_Driver\src\stm32f10x_rtc.o
RTC_GetDivider                                    Libraries\STM32F10x_StdPeriph_Driver\src\stm32f10x_rtc.o
RTC_GetFlagStatus                                 Libraries\STM32F10x_StdPeriph_Driver\src\stm32f10x_rtc.o
RTC_GetITStatus                                   Libraries\STM32F10x_StdPeriph_Driver\src\stm32f10x_rtc.o
RTC_IRQHandler                                    src\startup_stm32f10x_md_vl.o
RTC_ITConfig                                      Libraries\STM32F10x_StdPeriph_Driver\src\stm32f10x_rtc.o
RTC_SetAlarm                                      Libraries\STM32F10x_StdPeriph_Driver\src\stm32f10x_rtc.o
RTC_SetCounter                                    Libraries\STM32F10x_StdPeriph_Driver\src\stm32f10x_rtc.o
RTC_SetPrescaler                                  Libraries\STM32F10x_StdPeriph_Driver\src\stm32f10x_rtc.o
RTC_WaitForLastTask                               Libraries\STM32F10x_StdPeriph_Driver\src\stm32f10x_rtc.o
RTC_WaitForSynchro                                Libraries\STM32F10x_StdPeriph_Driver\src\stm32f10x_rtc.o
Reset_Handler                                     src\startup_stm32f10x_md_vl.o
SDIO_CEATAITCmd                                   Libraries\STM32F10x_StdPeriph_Driver\src\stm32f10x_sdio.o
SDIO_ClearFlag                                    Libraries\STM32F10x_StdPeriph_Driver\src\stm32f10x_sdio.o
SDIO_ClearITPendingBit                            Libraries\STM32F10x_StdPeriph_Driver\src\stm32f10x_sdio.o
SDIO_ClockCmd                                     Libraries\STM32F10x_StdPeriph_Driver\src\stm32f10x_sdio.o
SDIO_CmdStructInit                                Libraries\STM32F10x_StdPeriph_Driver\src\stm32f10x_sdio.o
SDIO_CommandCompletionCmd                         Libraries\STM32F10x_StdPeriph_Driver\src\stm32f10x_sdio.o
SDIO_DMACmd                                       Libraries\STM32F10x_StdPeriph_Driver\src\stm32f10x_sdio.o
SDIO_DataConfig                                   Libraries\STM32F10x_StdPeriph_Driver\src\stm32f10x_sdio.o
SDIO_DataStructInit                               Libraries\STM32F10x_StdPeriph_Driver\src\stm32f10x_sdio.o
SDIO_DeInit                                       Libraries\STM32F10x_StdPeriph_Driver\src\stm32f10x_sdio.o
SDIO_GetCommandResponse                           Libraries\STM32F10x_StdPeriph_Driver\src\stm32f10x_sdio.o
SDIO_GetDataCounter                               Libraries\STM32F10x_StdPeriph_Driver\src\stm32f10x_sdio.o
SDIO_GetFIFOCount                                 Libraries\STM32F10x_StdPeriph_Driver\src\stm32f10x_sdio.o
SDIO_GetFlagStatus                                Libraries\STM32F10x_StdPeriph_Driver\src\stm32f10x_sdio.o
SDIO_GetITStatus                                  Libraries\STM32F10x_StdPeriph_Driver\src\stm32f10x_sdio.o
SDIO_GetPowerState                                Libraries\STM32F10x_StdPeriph_Driver\src\stm32f10x_sdio.o
SDIO_GetResponse                                  Libraries\STM32F10x_StdPeriph_Driver\src\stm32f10x_sdio.o
SDIO_ITConfig                                     Libraries\STM32F10x_StdPeriph_Driver\src\stm32f10x_sdio.o
SDIO_Init                                         Libraries\STM32F10x_StdPeriph_Driver\src\stm32f10x_sdio.o
SDIO_ReadData                                     Libraries\STM32F10x_StdPeriph_Driver\src\stm32f10x_sdio.o
SDIO_SendCEATACmd                                 Libraries\STM32F10x_StdPeriph_Driver\src\stm32f10x_sdio.o
SDIO_SendCommand                                  Libraries\STM32F10x_StdPeriph_Driver\src\stm32f10x_sdio.o
SDIO_SendSDIOSuspendCmd                           Libraries\STM32F10x_StdPeriph_Driver\src\stm32f10x_sdio.o
SDIO_SetPowerState                                Libraries\STM32F10x_StdPeriph_Driver\src\stm32f10x_sdio.o
SDIO_SetSDIOOperation                             Libraries\STM32F10x_StdPeriph_Driver\src\stm32f10x_sdio.o
SDIO_SetSDIOReadWaitMode                          Libraries\STM32F10x_StdPeriph_Driver\src\stm32f10x_sdio.o
SDIO_StartSDIOReadWait                            Libraries\STM32F10x_StdPeriph_Driver\src\stm32f10x_sdio.o
SDIO_StopSDIOReadWait                             Libraries\STM32F10x_StdPeriph_Driver\src\stm32f10x_sdio.o
SDIO_StructInit                                   Libraries\STM32F10x_StdPeriph_Driver\src\stm32f10x_sdio.o
SDIO_WriteData                                    Libraries\STM32F10x_StdPeriph_Driver\src\stm32f10x_sdio.o
SPI1_IRQHandler                                   src\startup_stm32f10x_md_vl.o
SPI2_IRQHandler                                   src\startup_stm32f10x_md_vl.o
SPI_BiDirectionalLineConfig                       Libraries\STM32F10x_StdPeriph_Driver\src\stm32f10x_spi.o
SPI_CalculateCRC                                  Libraries\STM32F10x_StdPeriph_Driver\src\stm32f10x_spi.o
SPI_Cmd                                           Libraries\STM32F10x_StdPeriph_Driver\src\stm32f10x_spi.o
                                                  src\main.o
SPI_DataSizeConfig                                Libraries\STM32F10x_StdPeriph_Driver\src\stm32f10x_spi.o
SPI_GetCRC                                        Libraries\STM32F10x_StdPeriph_Driver\src\stm32f10x_spi.o
SPI_GetCRCPolynomial                              Libraries\STM32F10x_StdPeriph_Driver\src\stm32f10x_spi.o
SPI_I2S_ClearFlag                                 Libraries\STM32F10x_StdPeriph_Driver\src\stm32f10x_spi.o
SPI_I2S_ClearITPendingBit                         Libraries\STM32F10x_StdPeriph_Driver\src\stm32f10x_spi.o
SPI_I2S_DMACmd                                    Libraries\STM32F10x_StdPeriph_Driver\src\stm32f10x_spi.o
SPI_I2S_DeInit                                    Libraries\STM32F10x_StdPeriph_Driver\src\stm32f10x_spi.o
SPI_I2S_GetFlagStatus                             Libraries\STM32F10x_StdPeriph_Driver\src\stm32f10x_spi.o
SPI_I2S_GetITStatus                               Libraries\STM32F10x_StdPeriph_Driver\src\stm32f10x_spi.o
SPI_I2S_ITConfig                                  Libraries\STM32F10x_StdPeriph_Driver\src\stm32f10x_spi.o
SPI_I2S_ReceiveData                               Libraries\STM32F10x_StdPeriph_Driver\src\stm32f10x_spi.o
SPI_I2S_SendData                                  Libraries\STM32F10x_StdPeriph_Driver\src\stm32f10x_spi.o
SPI_Init                                          Libraries\STM32F10x_StdPeriph_Driver\src\stm32f10x_spi.o
                                                  src\main.o
SPI_NSSInternalSoftwareConfig                     Libraries\STM32F10x_StdPeriph_Driver\src\stm32f10x_spi.o
SPI_SSOutputCmd                                   Libraries\STM32F10x_StdPeriph_Driver\src\stm32f10x_spi.o
SPI_StructInit                                    Libraries\STM32F10x_StdPeriph_Driver\src\stm32f10x_spi.o
SPI_TransmitCRC                                   Libraries\STM32F10x_StdPeriph_Driver\src\stm32f10x_spi.o
SVC_Handler                                       src\stm32f1xx_it.o
                                                  src\startup_stm32f10x_md_vl.o
SysTick_CLKSourceConfig                           Libraries\STM32F10x_StdPeriph_Driver\src\misc.o
SysTick_Handler                                   src\stm32f1xx_it.o
                                                  src\startup_stm32f10x_md_vl.o
SystemCoreClock                                   src\system_stm32f10x.o
SystemCoreClockUpdate                             src\system_stm32f10x.o
SystemInit                                        src\system_stm32f10x.o
                                                  src\startup_stm32f10x_md_vl.o
                                                  src\main.o
TAMPER_IRQHandler                                 src\startup_stm32f10x_md_vl.o
TIM1_BRK_TIM15_IRQHandler                         src\startup_stm32f10x_md_vl.o
TIM1_CC_IRQHandler                                src\startup_stm32f10x_md_vl.o
TIM1_TRG_COM_TIM17_IRQHandler                     src\startup_stm32f10x_md_vl.o
TIM1_UP_TIM16_IRQHandler                          src\startup_stm32f10x_md_vl.o
TIM2_IRQHandler                                   src\startup_stm32f10x_md_vl.o
TIM3_IRQHandler                                   src\startup_stm32f10x_md_vl.o
TIM4_IRQHandler                                   src\startup_stm32f10x_md_vl.o
TIM6_DAC_IRQHandler                               src\startup_stm32f10x_md_vl.o
TIM7_IRQHandler                                   src\startup_stm32f10x_md_vl.o
TIM_ARRPreloadConfig                              Libraries\STM32F10x_StdPeriph_Driver\src\stm32f10x_tim.o
TIM_BDTRConfig                                    Libraries\STM32F10x_StdPeriph_Driver\src\stm32f10x_tim.o
TIM_BDTRStructInit                                Libraries\STM32F10x_StdPeriph_Driver\src\stm32f10x_tim.o
TIM_CCPreloadControl                              Libraries\STM32F10x_StdPeriph_Driver\src\stm32f10x_tim.o
TIM_CCxCmd                                        Libraries\STM32F10x_StdPeriph_Driver\src\stm32f10x_tim.o
TIM_CCxNCmd                                       Libraries\STM32F10x_StdPeriph_Driver\src\stm32f10x_tim.o
TIM_ClearFlag                                     Libraries\STM32F10x_StdPeriph_Driver\src\stm32f10x_tim.o
TIM_ClearITPendingBit                             Libraries\STM32F10x_StdPeriph_Driver\src\stm32f10x_tim.o
TIM_ClearOC1Ref                                   Libraries\STM32F10x_StdPeriph_Driver\src\stm32f10x_tim.o
TIM_ClearOC2Ref                                   Libraries\STM32F10x_StdPeriph_Driver\src\stm32f10x_tim.o
TIM_ClearOC3Ref                                   Libraries\STM32F10x_StdPeriph_Driver\src\stm32f10x_tim.o
TIM_ClearOC4Ref                                   Libraries\STM32F10x_StdPeriph_Driver\src\stm32f10x_tim.o
TIM_Cmd                                           Libraries\STM32F10x_StdPeriph_Driver\src\stm32f10x_tim.o
                                                  src\main.o
TIM_CounterModeConfig                             Libraries\STM32F10x_StdPeriph_Driver\src\stm32f10x_tim.o
TIM_CtrlPWMOutputs                                Libraries\STM32F10x_StdPeriph_Driver\src\stm32f10x_tim.o
                                                  src\main.o
TIM_DMACmd                                        Libraries\STM32F10x_StdPeriph_Driver\src\stm32f10x_tim.o
TIM_DMAConfig                                     Libraries\STM32F10x_StdPeriph_Driver\src\stm32f10x_tim.o
TIM_DeInit                                        Libraries\STM32F10x_StdPeriph_Driver\src\stm32f10x_tim.o
TIM_ETRClockMode1Config                           Libraries\STM32F10x_StdPeriph_Driver\src\stm32f10x_tim.o
TIM_ETRClockMode2Config                           Libraries\STM32F10x_StdPeriph_Driver\src\stm32f10x_tim.o
TIM_ETRConfig                                     Libraries\STM32F10x_StdPeriph_Driver\src\stm32f10x_tim.o
TIM_EncoderInterfaceConfig                        Libraries\STM32F10x_StdPeriph_Driver\src\stm32f10x_tim.o
TIM_ForcedOC1Config                               Libraries\STM32F10x_StdPeriph_Driver\src\stm32f10x_tim.o
TIM_ForcedOC2Config                               Libraries\STM32F10x_StdPeriph_Driver\src\stm32f10x_tim.o
TIM_ForcedOC3Config                               Libraries\STM32F10x_StdPeriph_Driver\src\stm32f10x_tim.o
TIM_ForcedOC4Config                               Libraries\STM32F10x_StdPeriph_Driver\src\stm32f10x_tim.o
TIM_GenerateEvent                                 Libraries\STM32F10x_StdPeriph_Driver\src\stm32f10x_tim.o
TIM_GetCapture1                                   Libraries\STM32F10x_StdPeriph_Driver\src\stm32f10x_tim.o
TIM_GetCapture2                                   Libraries\STM32F10x_StdPeriph_Driver\src\stm32f10x_tim.o
TIM_GetCapture3                                   Libraries\STM32F10x_StdPeriph_Driver\src\stm32f10x_tim.o
TIM_GetCapture4                                   Libraries\STM32F10x_StdPeriph_Driver\src\stm32f10x_tim.o
TIM_GetCounter                                    Libraries\STM32F10x_StdPeriph_Driver\src\stm32f10x_tim.o
TIM_GetFlagStatus                                 Libraries\STM32F10x_StdPeriph_Driver\src\stm32f10x_tim.o
TIM_GetITStatus                                   Libraries\STM32F10x_StdPeriph_Driver\src\stm32f10x_tim.o
TIM_GetPrescaler                                  Libraries\STM32F10x_StdPeriph_Driver\src\stm32f10x_tim.o
TIM_ICInit                                        Libraries\STM32F10x_StdPeriph_Driver\src\stm32f10x_tim.o
TIM_ICStructInit                                  Libraries\STM32F10x_StdPeriph_Driver\src\stm32f10x_tim.o
TIM_ITConfig                                      Libraries\STM32F10x_StdPeriph_Driver\src\stm32f10x_tim.o
TIM_ITRxExternalClockConfig                       Libraries\STM32F10x_StdPeriph_Driver\src\stm32f10x_tim.o
TIM_InternalClockConfig                           Libraries\STM32F10x_StdPeriph_Driver\src\stm32f10x_tim.o
TIM_OC1FastConfig                                 Libraries\STM32F10x_StdPeriph_Driver\src\stm32f10x_tim.o
TIM_OC1Init                                       Libraries\STM32F10x_StdPeriph_Driver\src\stm32f10x_tim.o
                                                  src\main.o
TIM_OC1NPolarityConfig                            Libraries\STM32F10x_StdPeriph_Driver\src\stm32f10x_tim.o
TIM_OC1PolarityConfig                             Libraries\STM32F10x_StdPeriph_Driver\src\stm32f10x_tim.o
TIM_OC1PreloadConfig                              Libraries\STM32F10x_StdPeriph_Driver\src\stm32f10x_tim.o
                                                  src\main.o
TIM_OC2FastConfig                                 Libraries\STM32F10x_StdPeriph_Driver\src\stm32f10x_tim.o
TIM_OC2Init                                       Libraries\STM32F10x_StdPeriph_Driver\src\stm32f10x_tim.o
TIM_OC2NPolarityConfig                            Libraries\STM32F10x_StdPeriph_Driver\src\stm32f10x_tim.o
TIM_OC2PolarityConfig                             Libraries\STM32F10x_StdPeriph_Driver\src\stm32f10x_tim.o
TIM_OC2PreloadConfig                              Libraries\STM32F10x_StdPeriph_Driver\src\stm32f10x_tim.o
TIM_OC3FastConfig                                 Libraries\STM32F10x_StdPeriph_Driver\src\stm32f10x_tim.o
TIM_OC3Init                                       Libraries\STM32F10x_StdPeriph_Driver\src\stm32f10x_tim.o
TIM_OC3NPolarityConfig                            Libraries\STM32F10x_StdPeriph_Driver\src\stm32f10x_tim.o
TIM_OC3PolarityConfig                             Libraries\STM32F10x_StdPeriph_Driver\src\stm32f10x_tim.o
TIM_OC3PreloadConfig                              Libraries\STM32F10x_StdPeriph_Driver\src\stm32f10x_tim.o
TIM_OC4FastConfig                                 Libraries\STM32F10x_StdPeriph_Driver\src\stm32f10x_tim.o
TIM_OC4Init                                       Libraries\STM32F10x_StdPeriph_Driver\src\stm32f10x_tim.o
TIM_OC4PolarityConfig                             Libraries\STM32F10x_StdPeriph_Driver\src\stm32f10x_tim.o
TIM_OC4PreloadConfig                              Libraries\STM32F10x_StdPeriph_Driver\src\stm32f10x_tim.o
TIM_OCStructInit                                  Libraries\STM32F10x_StdPeriph_Driver\src\stm32f10x_tim.o
TIM_PWMIConfig                                    Libraries\STM32F10x_StdPeriph_Driver\src\stm32f10x_tim.o
TIM_PrescalerConfig                               Libraries\STM32F10x_StdPeriph_Driver\src\stm32f10x_tim.o
TIM_SelectCCDMA                                   Libraries\STM32F10x_StdPeriph_Driver\src\stm32f10x_tim.o
TIM_SelectCOM                                     Libraries\STM32F10x_StdPeriph_Driver\src\stm32f10x_tim.o
TIM_SelectHallSensor                              Libraries\STM32F10x_StdPeriph_Driver\src\stm32f10x_tim.o
TIM_SelectInputTrigger                            Libraries\STM32F10x_StdPeriph_Driver\src\stm32f10x_tim.o
TIM_SelectMasterSlaveMode                         Libraries\STM32F10x_StdPeriph_Driver\src\stm32f10x_tim.o
TIM_SelectOCxM                                    Libraries\STM32F10x_StdPeriph_Driver\src\stm32f10x_tim.o
TIM_SelectOnePulseMode                            Libraries\STM32F10x_StdPeriph_Driver\src\stm32f10x_tim.o
TIM_SelectOutputTrigger                           Libraries\STM32F10x_StdPeriph_Driver\src\stm32f10x_tim.o
TIM_SelectSlaveMode                               Libraries\STM32F10x_StdPeriph_Driver\src\stm32f10x_tim.o
TIM_SetAutoreload                                 Libraries\STM32F10x_StdPeriph_Driver\src\stm32f10x_tim.o
TIM_SetClockDivision                              Libraries\STM32F10x_StdPeriph_Driver\src\stm32f10x_tim.o
TIM_SetCompare1                                   Libraries\STM32F10x_StdPeriph_Driver\src\stm32f10x_tim.o
TIM_SetCompare2                                   Libraries\STM32F10x_StdPeriph_Driver\src\stm32f10x_tim.o
TIM_SetCompare3                                   Libraries\STM32F10x_StdPeriph_Driver\src\stm32f10x_tim.o
TIM_SetCompare4                                   Libraries\STM32F10x_StdPeriph_Driver\src\stm32f10x_tim.o
TIM_SetCounter                                    Libraries\STM32F10x_StdPeriph_Driver\src\stm32f10x_tim.o
TIM_SetIC1Prescaler                               Libraries\STM32F10x_StdPeriph_Driver\src\stm32f10x_tim.o
TIM_SetIC2Prescaler                               Libraries\STM32F10x_StdPeriph_Driver\src\stm32f10x_tim.o
TIM_SetIC3Prescaler                               Libraries\STM32F10x_StdPeriph_Driver\src\stm32f10x_tim.o
TIM_SetIC4Prescaler                               Libraries\STM32F10x_StdPeriph_Driver\src\stm32f10x_tim.o
TIM_TIxExternalClockConfig                        Libraries\STM32F10x_StdPeriph_Driver\src\stm32f10x_tim.o
TIM_TimeBaseInit                                  Libraries\STM32F10x_StdPeriph_Driver\src\stm32f10x_tim.o
                                                  src\main.o
TIM_TimeBaseStructInit                            Libraries\STM32F10x_StdPeriph_Driver\src\stm32f10x_tim.o
TIM_UpdateDisableConfig                           Libraries\STM32F10x_StdPeriph_Driver\src\stm32f10x_tim.o
TIM_UpdateRequestConfig                           Libraries\STM32F10x_StdPeriph_Driver\src\stm32f10x_tim.o
USART1_IRQHandler                                 src\startup_stm32f10x_md_vl.o
USART2_IRQHandler                                 src\startup_stm32f10x_md_vl.o
USART3_IRQHandler                                 src\startup_stm32f10x_md_vl.o
USART_ClearFlag                                   Libraries\STM32F10x_StdPeriph_Driver\src\stm32f10x_usart.o
USART_ClearITPendingBit                           Libraries\STM32F10x_StdPeriph_Driver\src\stm32f10x_usart.o
USART_ClockInit                                   Libraries\STM32F10x_StdPeriph_Driver\src\stm32f10x_usart.o
USART_ClockStructInit                             Libraries\STM32F10x_StdPeriph_Driver\src\stm32f10x_usart.o
USART_Cmd                                         Libraries\STM32F10x_StdPeriph_Driver\src\stm32f10x_usart.o
                                                  src\main.o
USART_DMACmd                                      Libraries\STM32F10x_StdPeriph_Driver\src\stm32f10x_usart.o
USART_DeInit                                      Libraries\STM32F10x_StdPeriph_Driver\src\stm32f10x_usart.o
USART_GetFlagStatus                               Libraries\STM32F10x_StdPeriph_Driver\src\stm32f10x_usart.o
                                                  src\main.o
USART_GetITStatus                                 Libraries\STM32F10x_StdPeriph_Driver\src\stm32f10x_usart.o
USART_HalfDuplexCmd                               Libraries\STM32F10x_StdPeriph_Driver\src\stm32f10x_usart.o
USART_ITConfig                                    Libraries\STM32F10x_StdPeriph_Driver\src\stm32f10x_usart.o
USART_Init                                        Libraries\STM32F10x_StdPeriph_Driver\src\stm32f10x_usart.o
                                                  src\main.o
USART_IrDACmd                                     Libraries\STM32F10x_StdPeriph_Driver\src\stm32f10x_usart.o
USART_IrDAConfig                                  Libraries\STM32F10x_StdPeriph_Driver\src\stm32f10x_usart.o
USART_LINBreakDetectLengthConfig                  Libraries\STM32F10x_StdPeriph_Driver\src\stm32f10x_usart.o
USART_LINCmd                                      Libraries\STM32F10x_StdPeriph_Driver\src\stm32f10x_usart.o
USART_OneBitMethodCmd                             Libraries\STM32F10x_StdPeriph_Driver\src\stm32f10x_usart.o
USART_OverSampling8Cmd                            Libraries\STM32F10x_StdPeriph_Driver\src\stm32f10x_usart.o
USART_ReceiveData                                 Libraries\STM32F10x_StdPeriph_Driver\src\stm32f10x_usart.o
                                                  src\main.o
USART_ReceiverWakeUpCmd                           Libraries\STM32F10x_StdPeriph_Driver\src\stm32f10x_usart.o
USART_SendBreak                                   Libraries\STM32F10x_StdPeriph_Driver\src\stm32f10x_usart.o
USART_SendData                                    Libraries\STM32F10x_StdPeriph_Driver\src\stm32f10x_usart.o
                                                  src\main.o
USART_SetAddress                                  Libraries\STM32F10x_StdPeriph_Driver\src\stm32f10x_usart.o
USART_SetGuardTime                                Libraries\STM32F10x_StdPeriph_Driver\src\stm32f10x_usart.o
USART_SetPrescaler                                Libraries\STM32F10x_StdPeriph_Driver\src\stm32f10x_usart.o
USART_SmartCardCmd                                Libraries\STM32F10x_StdPeriph_Driver\src\stm32f10x_usart.o
USART_SmartCardNACKCmd                            Libraries\STM32F10x_StdPeriph_Driver\src\stm32f10x_usart.o
USART_StructInit                                  Libraries\STM32F10x_StdPeriph_Driver\src\stm32f10x_usart.o
USART_WakeUpConfig                                Libraries\STM32F10x_StdPeriph_Driver\src\stm32f10x_usart.o
UsageFault_Handler                                src\stm32f1xx_it.o
                                                  src\startup_stm32f10x_md_vl.o
WWDG_ClearFlag                                    Libraries\STM32F10x_StdPeriph_Driver\src\stm32f10x_wwdg.o
WWDG_DeInit                                       Libraries\STM32F10x_StdPeriph_Driver\src\stm32f10x_wwdg.o
WWDG_Enable                                       Libraries\STM32F10x_StdPeriph_Driver\src\stm32f10x_wwdg.o
WWDG_EnableIT                                     Libraries\STM32F10x_StdPeriph_Driver\src\stm32f10x_wwdg.o
WWDG_GetFlagStatus                                Libraries\STM32F10x_StdPeriph_Driver\src\stm32f10x_wwdg.o
WWDG_IRQHandler                                   src\startup_stm32f10x_md_vl.o
WWDG_SetCounter                                   Libraries\STM32F10x_StdPeriph_Driver\src\stm32f10x_wwdg.o
WWDG_SetPrescaler                                 Libraries\STM32F10x_StdPeriph_Driver\src\stm32f10x_wwdg.o
WWDG_SetWindowValue                               Libraries\STM32F10x_StdPeriph_Driver\src\stm32f10x_wwdg.o
__deregister_frame_info                           c:/program files (x86)/atollic/truestudio for stm32 9.2.0/armtools/bin/../lib/gcc/arm-atollic-eabi/6.3.1/armv7-m/crtbegin.o
__dso_handle                                      c:/program files (x86)/atollic/truestudio for stm32 9.2.0/armtools/bin/../lib/gcc/arm-atollic-eabi/6.3.1/armv7-m/crtbegin.o
__init_array_end                                  c:/program files (x86)/atollic/truestudio for stm32 9.2.0/armtools/bin/../lib/gcc/arm-atollic-eabi/6.3.1/../../../../arm-atollic-eabi/lib/armv7-m\libc_nano.a(lib_a-init.o)
__init_array_start                                c:/program files (x86)/atollic/truestudio for stm32 9.2.0/armtools/bin/../lib/gcc/arm-atollic-eabi/6.3.1/../../../../arm-atollic-eabi/lib/armv7-m\libc_nano.a(lib_a-init.o)
__libc_init_array                                 c:/program files (x86)/atollic/truestudio for stm32 9.2.0/armtools/bin/../lib/gcc/arm-atollic-eabi/6.3.1/../../../../arm-atollic-eabi/lib/armv7-m\libc_nano.a(lib_a-init.o)
                                                  src\startup_stm32f10x_md_vl.o